******************************************************************************
                  TI ARM Linker PC v16.9.6                     
******************************************************************************
>> Linked Thu Mar 15 11:24:53 2018

OUTPUT FILE NAME:   <empty_EK_TM4C123GXL_TI.out>
ENTRY POINT SYMBOL: "_c_int00"  address: 00004131


MEMORY CONFIGURATION

         name            origin    length      used     unused   attr    fill
----------------------  --------  ---------  --------  --------  ----  --------
  FLASH                 00000000   00040000  00007c01  000383ff  R  X
  SRAM                  20000000   00008000  0000194c  000066b4  RW X


SEGMENT ALLOCATION MAP

run origin  load origin   length   init length attrs members
----------  ----------- ---------- ----------- ----- -------
00000000    00000000    00007c08   00007c08    r-x
  00000000    00000000    0000003c   0000003c    r-- .resetVecs
  00000040    00000040    00005ada   00005ada    r-x .text
  00005b1c    00005b1c    00001eb3   00001eb3    r-- .const
  000079d0    000079d0    00000238   00000238    r-- .cinit
20000000    20000000    00001950   00000000    rw-
  20000000    20000000    00000360   00000000    rw- .vecs
  20000360    20000360    00000e0c   00000000    rw- .bss
  20001170    20001170    000004e0   00000000    rw- .data
  20001650    20001650    00000300   00000000    rw- .stack


SECTION ALLOCATION MAP

 output                                  attributes/
section   page    origin      length       input sections
--------  ----  ----------  ----------   ----------------
.text      0    00000040    00005ada     
                  00000040    00000430     sysbios.aem4f : BIOS.obj (.text:ti_sysbios_family_arm_m3_Hwi_excDumpRegs__I)
                  00000470    0000034c     ti.targets.arm.rtsarm.aem4f : System.oem4f (.text:xdc_runtime_System_doPrint__I)
                  000007bc    00000004     empty_pem4f.oem4f (.text:ti_sysbios_BIOS_RtsGateProxy_enter__E)
                  000007c0    000002c8     sysbios.aem4f : BIOS.obj (.text:ti_sysbios_knl_Semaphore_pend__E)
                  00000a88    00000258                   : BIOS.obj (.text:ti_sysbios_heaps_HeapMem_free__E)
                  00000ce0    00000248                   : BIOS.obj (.text:ti_sysbios_heaps_HeapMem_alloc__E)
                  00000f28    00000224                   : BIOS.obj (.text:ti_sysbios_knl_Task_Instance_finalize__E)
                  0000114c    00000004     empty_pem4f.oem4f (.text:ti_sysbios_BIOS_RtsGateProxy_leave__E)
                  00001150    000001fc     sysbios.aem4f : BIOS.obj (.text:ti_sysbios_family_arm_m3_Hwi_excHandlerMax__I)
                  0000134c    000001f4     rtsv7M4_T_le_v4SPD16_eabi.lib : ull_div_t2.obj (.text)
                  00001540    000001f0     sysbios.aem4f : BIOS.obj (.text:ti_sysbios_knl_Task_sleep__E)
                  00001730    000001c0                   : BIOS.obj (.text:ti_sysbios_knl_Task_Instance_init__E)
                  000018f0    00000174                   : BIOS.obj (.text:ti_sysbios_family_arm_m3_Hwi_excBusFault__I)
                  00001a64    00000004                   : BIOS.obj (.text:ti_sysbios_family_arm_lm4_Timer_masterEnable__I)
                  00001a68    00000164                   : BIOS.obj (.text:ti_sysbios_family_arm_m3_Hwi_excUsageFault__I)
                  00001bcc    00000150     drivers_tivaware.aem4f : GPIOTiva.oem4f (.text:GPIO_setConfig)
                  00001d1c    00000004     empty_pem4f.oem4f (.text:ti_sysbios_family_arm_m3_TaskSupport_Module__startupDone__S)
                  00001d20    00000148     sysbios.aem4f : BIOS.obj (.text:ti_sysbios_family_arm_lm4_Timer_start__E)
                  00001e68    00000148                   : BIOS.obj (.text:ti_sysbios_family_arm_m3_Hwi_excMemFault__I)
                  00001fb0    0000013c                   : BIOS.obj (.text:ti_sysbios_heaps_HeapMem_Instance_init__E)
                  000020ec    00000136     rtsv7M4_T_le_v4SPD16_eabi.lib : fd_div_t2.obj (.text)
                  00002222    00000130     driverlib.lib : gpio.obj (.text:GPIOPadConfigSet)
                  00002352    00000002     rtsv7M4_T_le_v4SPD16_eabi.lib : i_div0.obj (.text)
                  00002354    00000118     ti.targets.arm.rtsarm.aem4f : Error.oem4f (.text:xdc_runtime_Error_policyDefault__E)
                  0000246c    00000100     Boot.aem4f : Boot_sysctl.oem4f (.text:ti_catalog_arm_cortexm4_tiva_ce_Boot_sysCtlClockSetI__I)
                  0000256c    00000100     ti.targets.arm.rtsarm.aem4f : Core-mem.oem4f (.text:xdc_runtime_Core_createObject__I)
                  0000266c    000000f8                                 : Startup.oem4f (.text:xdc_runtime_Startup_startMods__I)
                  00002764    000000f8     empty_pem4f.oem4f (.text:xdc_runtime_System_printfExtend__I)
                  0000285c    000000f4     sysbios.aem4f : m3_Hwi_asm.obj (.text:ti_sysbios_family_arm_m3_Hwi_dispatch__I)
                  00002950    000000f0     HC_SR04.obj (.text:Ultrasonic_init)
                  00002a40    000000ec     sysbios.aem4f : BIOS.obj (.text:ti_sysbios_knl_Semaphore_post__E)
                  00002b2c    000000d8     HC_SR04.obj (.text:HCSR04Task)
                  00002c04    000000cc     ti.targets.arm.rtsarm.aem4f : Core-smem.oem4f (.text:xdc_runtime_Core_constructObject__I)
                  00002cd0    000000bc     sysbios.aem4f : BIOS.obj (.text:ti_sysbios_family_arm_m3_Hwi_excDebugMon__I)
                  00002d8c    00000004     empty_pem4f.oem4f (.text:ti_sysbios_heaps_HeapMem_Module_GateProxy_enter__E)
                  00002d90    000000bc     sysbios.aem4f : BIOS.obj (.text:ti_sysbios_family_arm_m3_Hwi_excHardFault__I)
                  00002e4c    00000004     empty_pem4f.oem4f (.text:ti_sysbios_heaps_HeapMem_Module_GateProxy_leave__E)
                  00002e50    000000b4     sysbios.aem4f : BIOS.obj (.text:ti_sysbios_gates_GateMutex_enter__E)
                  00002f04    00000004     empty_pem4f.oem4f (.text:ti_sysbios_knl_Clock_TimerProxy_getMaxTicks__E)
                  00002f08    000000b4     sysbios.aem4f : BIOS.obj (.text:ti_sysbios_knl_Task_checkStacks__E)
                  00002fbc    00000004     empty_pem4f.oem4f (.text:ti_sysbios_knl_Queue_destruct)
                  00002fc0    000000ac     sysbios.aem4f : BIOS.obj (.text:ti_sysbios_family_arm_lm4_Timer_enableTiva__I)
                  0000306c    00000004     empty_pem4f.oem4f (.text:ti_sysbios_knl_Semaphore_destruct)
                  00003070    000000a8     sysbios.aem4f : BIOS.obj (.text:ti_sysbios_family_arm_lm4_Timer_enableTimers__I)
                  00003118    000000a8                   : BIOS.obj (.text:ti_sysbios_knl_Task_postInit__I)
                  000031c0    000000a0     auto_init.aem4f : auto_init.oem4f (.text)
                  00003260    000000a0     ti.targets.arm.rtsarm.aem4f : Text.oem4f (.text:xdc_runtime_Text_putMod__E)
                  00003300    0000009c     rtsv7M4_T_le_v4SPD16_eabi.lib : memcpy_t2.obj (.text)
                  0000339c    00000004     ti.targets.arm.rtsarm.aem4f : Error.oem4f (.text:xdc_runtime_Error_getSite__E)
                  000033a0    0000009c     sysbios.aem4f : BIOS.obj (.text:ti_sysbios_knl_Semaphore_Instance_init__E)
                  0000343c    0000009a     ti.targets.arm.rtsarm.aem4f : Text.oem4f (.text:xdc_runtime_Text_putSite__E)
                  000034d6    00000002     empty_pem4f.oem4f (.text:ti_sysbios_BIOS_nullFunc__I)
                  000034d8    00000098     Boot.aem4f : Boot.oem4f (.text:ti_catalog_arm_cortexm4_tiva_ce_Boot_sysCtlClockSet__E)
                  00003570    00000094     sysbios.aem4f : BIOS.obj (.text:ti_sysbios_family_arm_m3_Hwi_Instance_init__E)
                  00003604    00000004     empty_pem4f.oem4f (.text:xdc_runtime_System_Module_GateProxy_enter__E)
                  00003608    00000094     sysbios.aem4f : BIOS.obj (.text:ti_sysbios_family_arm_m3_Hwi_initNVIC__E)
                  0000369c    0000008c     drivers_tivaware.aem4f : GPIOTiva.oem4f (.text:GPIO_init)
                  00003728    0000008c     sysbios.aem4f : m3_TaskSupport_asm.obj (.text:ti_sysbios_family_arm_m3_TaskSupport_buildTaskStack)
                  000037b4    00000004     empty_pem4f.oem4f (.text:xdc_runtime_System_Module_GateProxy_leave__E)
                  000037b8    00000084     sysbios.aem4f : BIOS.obj (.text:ti_sysbios_family_arm_m3_Hwi_postInit__I)
                  0000383c    00000080     HC_SR04.obj (.text:EchoEvent)
                  000038bc    0000007a     rtsv7M4_T_le_v4SPD16_eabi.lib : memset_t2.obj (.text)
                  00003936    00000002     empty_pem4f.oem4f (.text:xdc_runtime_Startup_reset__I)
                  00003938    00000070     sysbios.aem4f : BIOS.obj (.text:ti_sysbios_knl_Clock_workFunc__E)
                  000039a8    00000070                   : BIOS.obj (.text:ti_sysbios_knl_Task_exit__E)
                  00003a18    0000006d     ti.targets.arm.rtsarm.aem4f : System.oem4f (.text:xdc_runtime_System_formatNum__I)
                  00003a85    00000003     --HOLE-- [fill = 0]
                  00003a88    0000006c     sysbios.aem4f : BIOS.obj (.text:ti_sysbios_knl_Swi_restoreHwi__E)
                  00003af4    0000006c     ti.targets.arm.rtsarm.aem4f : Error.oem4f (.text:xdc_runtime_Error_print__E)
                  00003b60    0000006c                                 : Memory.oem4f (.text:xdc_runtime_Memory_alloc__E)
                  00003bcc    00000068     rtsv7M4_T_le_v4SPD16_eabi.lib : copy_decompress_lzss.obj (.text:decompress:lzss)
                  00003c34    00000068                                   : trgmsg.obj (.text)
                  00003c9c    00000066     ti.targets.arm.rtsarm.aem4f : Core-mem.oem4f (.text:xdc_runtime_Core_deleteObject__I)
                  00003d02    00000002     --HOLE-- [fill = 0]
                  00003d04    00000064     drivers_tivaware.aem4f : GPIOTiva.oem4f (.text:GPIO_hwiIntFxn)
                  00003d68    00000064     sysbios.aem4f : BIOS.obj (.text:ti_sysbios_family_arm_lm4_Timer_Module_startup__E)
                  00003dcc    00000064     empty_pem4f.oem4f (.text:ti_sysbios_family_arm_m3_Hwi_create)
                  00003e30    00000064     sysbios.aem4f : BIOS.obj (.text:ti_sysbios_family_arm_m3_Hwi_dispatchC__I)
                  00003e94    00000004     ti.targets.arm.rtsarm.aem4f : System.oem4f (.text:xdc_runtime_System_aprintf_va__F)
                  00003e98    00000060     sysbios.aem4f : BIOS.obj (.text:ti_sysbios_family_arm_lm4_Timer_isrStub__E)
                  00003ef8    00000060                   : BIOS.obj (.text:ti_sysbios_knl_Task_schedule__I)
                  00003f58    0000005c                   : BIOS.obj (.text:ti_sysbios_knl_Swi_run__I)
                  00003fb4    00000004     ti.targets.arm.rtsarm.aem4f : System.oem4f (.text:xdc_runtime_System_printf_va__F)
                  00003fb8    0000005c     sysbios.aem4f : BIOS.obj (.text:ti_sysbios_knl_Swi_schedule__I)
                  00004014    00000004     --HOLE-- [fill = 0]
                  00004018    0000005c                   : BIOS.obj (.text:ti_sysbios_knl_Task_Module_startup__E)
                  00004074    00000004     --HOLE-- [fill = 0]
                  00004078    0000005c                   : BIOS.obj (.text:ti_sysbios_knl_Task_startCore__E)
                  000040d4    0000005b     ti.targets.arm.rtsarm.aem4f : Text.oem4f (.text:xdc_runtime_Text_putLab__E)
                  0000412f    00000001     --HOLE-- [fill = 0]
                  00004130    00000058     boot.aem4f : boot.oem4f (.text)
                  00004188    00000058     rtsv7M4_T_le_v4SPD16_eabi.lib : hostwrite.obj (.text)
                  000041e0    00000058     sysbios.aem4f : m3_Hwi_asm_switch.obj (.text:ti_sysbios_family_arm_m3_Hwi_initStacks__E)
                  00004238    00000056     driverlib.lib : gpio.obj (.text:GPIOIntTypeSet)
                  0000428e    00000002     --HOLE-- [fill = 0]
                  00004290    00000054     rtsv7M4_T_le_v4SPD16_eabi.lib : exit.obj (.text)
                  000042e4    00000054     empty_pem4f.oem4f (.text:ti_sysbios_knl_Task_construct)
                  00004338    00000054     ti.targets.arm.rtsarm.aem4f : Assert.oem4f (.text:xdc_runtime_Assert_raise__I)
                  0000438c    00000050     drivers_tivaware.aem4f : GPIOTiva.oem4f (.text:GPIO_setCallback)
                  000043dc    00000050                            : GPIOTiva.oem4f (.text:GPIO_write)
                  0000442c    00000004     --HOLE-- [fill = 0]
                  00004430    00000050     sysbios.aem4f : BIOS.obj (.text:ti_sysbios_family_arm_m3_Hwi_Module_startup__E)
                  00004480    00000050     ti.targets.arm.rtsarm.aem4f : Startup.oem4f (.text:xdc_runtime_Startup_exec__E)
                  000044d0    00000050                                 : Text.oem4f (.text:xdc_runtime_Text_visitRope2__I)
                  00004520    0000004c     empty.obj (.text:main)
                  0000456c    0000004c     rtsv7M4_T_le_v4SPD16_eabi.lib : cpy_tbl.obj (.text)
                  000045b8    0000004c     sysbios.aem4f : BIOS.obj (.text:ti_sysbios_heaps_HeapMem_getStats__E)
                  00004604    00000004     --HOLE-- [fill = 0]
                  00004608    0000004c                   : BIOS.obj (.text:ti_sysbios_knl_Swi_runLoop__I)
                  00004654    00000004     --HOLE-- [fill = 0]
                  00004658    0000004c                   : BIOS.obj (.text:ti_sysbios_knl_Task_allBlockedFunction__I)
                  000046a4    00000004     --HOLE-- [fill = 0]
                  000046a8    00000048                   : BIOS.obj (.text:ti_sysbios_family_arm_m3_Hwi_disableInterrupt__E)
                  000046f0    00000048                   : BIOS.obj (.text:ti_sysbios_family_arm_m3_Hwi_enableInterrupt__E)
                  00004738    00000048                   : BIOS.obj (.text:ti_sysbios_family_arm_m3_Hwi_excReserved__I)
                  00004780    00000046     ti.targets.arm.rtsarm.aem4f : Core-params.oem4f (.text:xdc_runtime_Core_assignParams__I)
                  000047c6    00000044     rtsv7M4_T_le_v4SPD16_eabi.lib : fd_tou_t2.obj (.text)
                  0000480a    00000006     driverlib.lib : gpio.obj (.text:GPIOIntClear)
                  00004810    00000044     sysbios.aem4f : BIOS.obj (.text:ti_sysbios_family_arm_lm4_Timer_stop__E)
                  00004854    00000004     --HOLE-- [fill = 0]
                  00004858    00000044                   : BIOS.obj (.text:ti_sysbios_family_arm_m3_Hwi_getStackInfo__E)
                  0000489c    00000004     --HOLE-- [fill = 0]
                  000048a0    00000044                   : BIOS.obj (.text:ti_sysbios_knl_Swi_post__E)
                  000048e4    00000044     ti.targets.arm.rtsarm.aem4f : Error.oem4f (.text:xdc_runtime_Error_setX__E)
                  00004928    00000044                                 : SysMin.oem4f (.text:xdc_runtime_SysMin_flush__E)
                  0000496c    00000044                                 : Text.oem4f (.text:xdc_runtime_Text_xprintf__I)
                  000049b0    00000040     EK_TM4C123GXL.obj (.text:EK_TM4C123GXL_initGeneral)
                  000049f0    00000040     rtsv7M4_T_le_v4SPD16_eabi.lib : u_divt2.obj (.text)
                  00004a30    00000040     sysbios.aem4f : BIOS.obj (.text:ti_sysbios_family_arm_lm4_Timer_startup__E)
                  00004a70    0000003c                   : BIOS.obj (.text:ti_sysbios_family_arm_m3_Hwi_excSvCall__I)
                  00004aac    00000004     --HOLE-- [fill = 0]
                  00004ab0    0000003c                   : BIOS.obj (.text:ti_sysbios_heaps_HeapMem_init__I)
                  00004aec    00000004     --HOLE-- [fill = 0]
                  00004af0    0000003c                   : BIOS.obj (.text:ti_sysbios_knl_Swi_restore__E)
                  00004b2c    00000004     --HOLE-- [fill = 0]
                  00004b30    00000038                   : BIOS.obj (.text:ti_sysbios_family_arm_m3_Hwi_excNoIsr__I)
                  00004b68    00000038                   : BIOS.obj (.text:ti_sysbios_knl_Task_processVitalTaskFlag__I)
                  00004ba0    00000038     ti.targets.arm.rtsarm.aem4f : SysMin.oem4f (.text:xdc_runtime_SysMin_putch__E)
                  00004bd8    00000038                                 : System.oem4f (.text:xdc_runtime_System_atexit__E)
                  00004c10    00000034     driverlib.lib : sysctl.obj (.text:SysCtlPeripheralEnable)
                  00004c44    00000004     --HOLE-- [fill = 0]
                  00004c48    00000034     sysbios.aem4f : BIOS.obj (.text:ti_sysbios_family_arm_lm4_Timer_setPeriodMicroSecs__E)
                  00004c7c    00000004     --HOLE-- [fill = 0]
                  00004c80    00000034                   : BIOS.obj (.text:ti_sysbios_family_arm_m3_Hwi_Instance_finalize__E)
                  00004cb4    00000004     --HOLE-- [fill = 0]
                  00004cb8    00000034                   : BIOS.obj (.text:ti_sysbios_family_arm_m3_Hwi_excNmi__I)
                  00004cec    00000004     --HOLE-- [fill = 0]
                  00004cf0    00000034                   : BIOS.obj (.text:ti_sysbios_hal_Hwi_checkStack)
                  00004d24    00000034     ti.targets.arm.rtsarm.aem4f : Core-label.oem4f (.text:xdc_runtime_Core_assignLabel__I)
                  00004d58    00000033                                 : Text.oem4f (.text:xdc_runtime_Text_printVisFxn__I)
                  00004d8b    00000005     --HOLE-- [fill = 0]
                  00004d90    00000032     sysbios.aem4f : BIOS.obj (.text:ti_sysbios_hal_Hwi_initStack)
                  00004dc2    00000002     --HOLE-- [fill = 0]
                  00004dc4    00000030     EK_TM4C123GXL.obj (.text:EK_TM4C123GXL_initGPIO)
                  00004df4    00000030     drivers_tivaware.aem4f : GPIOTiva.oem4f (.text:GPIO_enableInt)
                  00004e24    00000030                            : GPIOTiva.oem4f (.text:GPIO_read)
                  00004e54    00000030     empty_pem4f.oem4f (.text:ti_sysbios_BIOS_atExitFunc__I)
                  00004e84    00000004     --HOLE-- [fill = 0]
                  00004e88    00000030     sysbios.aem4f : BIOS.obj (.text:ti_sysbios_family_arm_m3_TaskSupport_start__E)
                  00004eb8    00000030     empty_pem4f.oem4f (.text:ti_sysbios_gates_GateHwi_Object__create__S)
                  00004ee8    00000030     empty_pem4f.oem4f (.text:ti_sysbios_gates_GateMutex_Object__create__S)
                  00004f18    00000030     empty_pem4f.oem4f (.text:ti_sysbios_heaps_HeapMem_Object__create__S)
                  00004f48    00000030     empty_pem4f.oem4f (.text:ti_sysbios_knl_Semaphore_construct)
                  00004f78    00000030     sysbios.aem4f : BIOS.obj (.text:ti_sysbios_knl_Semaphore_pendTimeout__I)
                  00004fa8    00000030                   : BIOS.obj (.text:ti_sysbios_knl_Task_unblockI__E)
                  00004fd8    00000030     ti.targets.arm.rtsarm.aem4f : SysMin.oem4f (.text:xdc_runtime_SysMin_abort__E)
                  00005008    00000030                                 : System.oem4f (.text:xdc_runtime_System_processAtExit__E)
                  00005038    0000002c     empty_pem4f.oem4f (.text:ti_sysbios_knl_Clock_doTick__I)
                  00005064    0000002c     empty_pem4f.oem4f (.text:ti_sysbios_knl_Queue_construct)
                  00005090    0000002c     sysbios.aem4f : BIOS.obj (.text:ti_sysbios_knl_Task_restore__E)
                  000050bc    0000002c     ti.targets.arm.rtsarm.aem4f : Text.oem4f (.text:xdc_runtime_Text_cordText__E)
                  000050e8    0000002a     driverlib.lib : gpio.obj (.text:GPIODirModeSet)
                  00005112    0000002a     ti.targets.arm.rtsarm.aem4f : System.oem4f (.text:xdc_runtime_System_putchar__I)
                  0000513c    00000028     HC_SR04.obj (.text:TimerEvent)
                  00005164    00000004     --HOLE-- [fill = 0]
                  00005168    00000028     sysbios.aem4f : BIOS.obj (.text:ti_sysbios_knl_Swi_Module_startup__E)
                  00005190    00000026                   : m3_Hwi_asm.obj (.text:ti_sysbios_family_arm_m3_Hwi_pendSV__I)
                  000051b6    00000026     ti.targets.arm.rtsarm.aem4f : System.oem4f (.text:xdc_runtime_System_avprintf__E)
                  000051dc    00000024     empty_pem4f.oem4f (.text:ti_sysbios_BIOS_errorRaiseHook__I)
                  00005200    00000024     empty_pem4f.oem4f (.text:ti_sysbios_BIOS_registerRTSLock__I)
                  00005224    00000024     empty_pem4f.oem4f (.text:ti_sysbios_BIOS_removeRTSLock__I)
                  00005248    00000024     empty_pem4f.oem4f (.text:ti_sysbios_BIOS_startFunc__I)
                  0000526c    00000024     empty_pem4f.oem4f (.text:ti_sysbios_gates_GateMutex_Object__delete__S)
                  00005290    00000024     sysbios.aem4f : BIOS.obj (.text:ti_sysbios_knl_Clock_Module_startup__E)
                  000052b4    00000004     --HOLE-- [fill = 0]
                  000052b8    00000024                   : BIOS.obj (.text:ti_sysbios_knl_Task_restoreHwi__E)
                  000052dc    00000024     ti.targets.arm.rtsarm.aem4f : System.oem4f (.text:xdc_runtime_System_vprintf__E)
                  00005300    00000022     sysbios.aem4f : BIOS.obj (.text:ti_sysbios_family_arm_lm4_Timer_write__I)
                  00005322    00000022     empty_pem4f.oem4f (.text:xdc_runtime_SysMin_output__I)
                  00005344    00000020     drivers_tivaware.aem4f : GPIOTiva.oem4f (.text:GPIO_clearInt)
                  00005364    00000020     rtsv7M4_T_le_v4SPD16_eabi.lib : u_tofd_t2.obj (.text)
                  00005384    00000020     empty_pem4f.oem4f (.text:ti_sysbios_BIOS_rtsLock__I)
                  000053a4    00000020     sysbios.aem4f : m3_Hwi_asm.obj (.text:ti_sysbios_family_arm_m3_Hwi_excHandlerAsm__I)
                  000053c4    00000004     --HOLE-- [fill = 0]
                  000053c8    00000020                   : BIOS.obj (.text:ti_sysbios_family_arm_m3_Hwi_excHandler__I)
                  000053e8    00000020     empty_pem4f.oem4f (.text:ti_sysbios_gates_GateHwi_Object__delete__S)
                  00005408    00000020     empty_pem4f.oem4f (.text:ti_sysbios_heaps_HeapMem_Object__delete__S)
                  00005428    00000020     sysbios.aem4f : BIOS.obj (.text:ti_sysbios_knl_Idle_run__E)
                  00005448    00000020     empty_pem4f.oem4f (.text:ti_sysbios_knl_Semaphore_Object__destruct__S)
                  00005468    00000020     ti.targets.arm.rtsarm.aem4f : Registry.oem4f (.text:xdc_runtime_Registry_findById__E)
                  00005488    00000020                                 : SysMin.oem4f (.text:xdc_runtime_SysMin_Module_startup__E)
                  000054a8    0000001e     sysbios.aem4f : m3_Hwi_asm_switch.obj (.text:ti_sysbios_family_xxx_Hwi_switchAndRunFunc)
                  000054c6    0000001c     drivers_tivaware.aem4f : GPIOTiva.oem4f (.text:getGpioIntIndex)
                  000054e2    00000006     driverlib.lib : gpio.obj (.text:GPIOPinRead)
                  000054e8    0000001c     sysbios.aem4f : BIOS.obj (.text:ti_sysbios_gates_GateMutex_Instance_init__E)
                  00005504    0000001c     empty_pem4f.oem4f (.text:ti_sysbios_knl_Queue_Object__destruct__S)
                  00005520    0000001c     sysbios.aem4f : BIOS.obj (.text:ti_sysbios_knl_Task_enter__I)
                  0000553c    0000001c     ti.targets.arm.rtsarm.aem4f : Error.oem4f (.text:xdc_runtime_Error_raiseX__E)
                  00005558    0000001c                                 : Memory.oem4f (.text:xdc_runtime_Memory_valloc__E)
                  00005574    0000001c                                 : SysMin.oem4f (.text:xdc_runtime_SysMin_exit__E)
                  00005590    0000001c                                 : System.oem4f (.text:xdc_runtime_System_abort__E)
                  000055ac    0000001a     empty_pem4f.oem4f (.text:ti_sysbios_family_arm_m3_Hwi_Handle__label__S)
                  000055c6    0000001a     empty_pem4f.oem4f (.text:ti_sysbios_gates_GateHwi_Handle__label__S)
                  000055e0    0000001a     empty_pem4f.oem4f (.text:ti_sysbios_gates_GateMutex_Handle__label__S)
                  000055fa    0000001a     empty_pem4f.oem4f (.text:ti_sysbios_heaps_HeapMem_Handle__label__S)
                  00005614    0000001a     empty_pem4f.oem4f (.text:ti_sysbios_knl_Swi_Handle__label__S)
                  0000562e    0000001a     empty_pem4f.oem4f (.text:ti_sysbios_knl_Task_Handle__label__S)
                  00005648    0000001a     empty_pem4f.oem4f (.text:xdc_runtime_System_aprintf__E)
                  00005662    0000001a     empty_pem4f.oem4f (.text:xdc_runtime_System_printf__E)
                  0000567c    00000018     rtsv7M4_T_le_v4SPD16_eabi.lib : args_main.obj (.text)
                  00005694    00000018     empty_pem4f.oem4f (.text:ti_sysbios_BIOS_rtsUnlock__I)
                  000056ac    00000018     empty_pem4f.oem4f (.text:ti_sysbios_family_arm_lm4_Timer_Module__startupDone__F)
                  000056c4    00000018     empty_pem4f.oem4f (.text:ti_sysbios_family_arm_m3_Hwi_Module__startupDone__F)
                  000056dc    00000018     sysbios.aem4f : m3_TaskSupport_asm.obj (.text:ti_sysbios_family_arm_m3_TaskSupport_swap__E)
                  000056f4    00000004     --HOLE-- [fill = 0]
                  000056f8    00000018                   : BIOS.obj (.text:ti_sysbios_gates_GateMutex_leave__E)
                  00005710    00000018                   : BIOS.obj (.text:ti_sysbios_knl_Task_sleepTimeout__I)
                  00005728    00000018     ti.targets.arm.rtsarm.aem4f : Error.oem4f (.text:xdc_runtime_Error_check__E)
                  00005740    00000018                                 : System.oem4f (.text:xdc_runtime_System_exit__E)
                  00005758    00000018                                 : Text.oem4f (.text:xdc_runtime_Text_ropeText__E)
                  00005770    00000016     empty_pem4f.oem4f (.text:ti_sysbios_BIOS_exitFunc__I)
                  00005786    00000016     HC_SR04.obj (.text:ti_sysbios_knl_Semaphore_Params_init)
                  0000579c    00000016     HC_SR04.obj (.text:ti_sysbios_knl_Task_Params_init)
                  000057b2    00000002     --HOLE-- [fill = 0]
                  000057b4    00000014     rtsv7M4_T_le_v4SPD16_eabi.lib : _lock.obj (.text)
                  000057c8    00000014                                   : strlen.obj (.text)
                  000057dc    00000004     --HOLE-- [fill = 0]
                  000057e0    00000014     sysbios.aem4f : BIOS.obj (.text:ti_sysbios_family_arm_lm4_Timer_getCount__E)
                  000057f4    00000014     empty_pem4f.oem4f (.text:ti_sysbios_family_arm_m3_Hwi_Object__get__S)
                  00005808    00000014     sysbios.aem4f : BIOS.obj (.text:ti_sysbios_family_arm_m3_Hwi_switchFromBootStack__E)
                  0000581c    00000014     empty_pem4f.oem4f (.text:ti_sysbios_heaps_HeapMem_Object__get__S)
                  00005830    00000014     empty_pem4f.oem4f (.text:ti_sysbios_knl_Swi_Object__get__S)
                  00005844    00000012     driverlib.lib : gpio.obj (.text:GPIOPinTypeGPIOInput)
                  00005856    00000002     --HOLE-- [fill = 0]
                  00005858    00000012     sysbios.aem4f : BIOS.obj (.text:ti_sysbios_hal_Hwi_Module_startup__E)
                  0000586a    00000006     driverlib.lib : gpio.obj (.text:GPIOPinWrite)
                  00005870    00000012     sysbios.aem4f : BIOS.obj (.text:ti_sysbios_hal_Timer_Module_startup__E)
                  00005882    00000012     empty_pem4f.oem4f (.text:xdc_runtime_Startup_exec__I)
                  00005894    00000004     --HOLE-- [fill = 0]
                  00005898    00000010     sysbios.aem4f : BIOS.obj (.text:ti_sysbios_BIOS_setThreadType__E)
                  000058a8    00000010                   : BIOS.obj (.text:ti_sysbios_BIOS_start__E)
                  000058b8    00000010                   : m3_TaskSupport_asm.obj (.text:ti_sysbios_family_arm_m3_TaskSupport_glue)
                  000058c8    00000010                   : BIOS.obj (.text:ti_sysbios_gates_GateMutex_Instance_finalize__E)
                  000058d8    00000010                   : BIOS.obj (.text:ti_sysbios_knl_Semaphore_Instance_finalize__E)
                  000058e8    00000010                   : BIOS.obj (.text:ti_sysbios_knl_Swi_disable__E)
                  000058f8    00000010     empty_pem4f.oem4f (.text:ti_sysbios_knl_Task_Object__get__S)
                  00005908    00000010     sysbios.aem4f : BIOS.obj (.text:ti_sysbios_knl_Task_disable__E)
                  00005918    00000010     ti.targets.arm.rtsarm.aem4f : Gate.oem4f (.text:xdc_runtime_Gate_leaveSystem__E)
                  00005928    00000010                                 : Memory.oem4f (.text:xdc_runtime_Memory_free__E)
                  00005938    00000010                                 : SysMin.oem4f (.text:xdc_runtime_SysMin_ready__E)
                  00005948    00000010                                 : System.oem4f (.text:xdc_runtime_System_vsnprintf__E)
                  00005958    00000010     empty_pem4f.oem4f (.text:xdc_runtime_Text_visitRope__I)
                  00005968    0000000e     driverlib.lib : gpio.obj (.text:GPIOIntStatus)
                  00005976    0000000e     rtsv7M4_T_le_v4SPD16_eabi.lib : copy_decompress_none.obj (.text:decompress:none)
                  00005984    00000004     --HOLE-- [fill = 0]
                  00005988    0000000e     sysbios.aem4f : BIOS.obj (.text:ti_sysbios_knl_Idle_loop__E)
                  00005996    00000002     --HOLE-- [fill = 0]
                  00005998    0000000e                   : BIOS.obj (.text:ti_sysbios_knl_Queue_empty__E)
                  000059a6    00000002     --HOLE-- [fill = 0]
                  000059a8    0000000c     empty_pem4f.oem4f (.text:.bootCodeSection:ti_catalog_arm_cortexm4_tiva_ce_Boot_init__I)
                  000059b4    0000000c     driverlib.lib : gpio.obj (.text:GPIOIntEnable)
                  000059c0    0000000c     HC_SR04.obj (.text:Ultrasonic_Enable)
                  000059cc    0000000c     rtsv7M4_T_le_v4SPD16_eabi.lib : copy_zero_init.obj (.text:decompress:ZI)
                  000059d8    0000000c     sysbios.aem4f : BIOS.obj (.text:ti_sysbios_family_arm_lm4_Timer_getMaxTicks__E)
                  000059e4    0000000c     empty_pem4f.oem4f (.text:ti_sysbios_family_arm_m3_Hwi_Params__init__S)
                  000059f0    0000000c     sysbios.aem4f : BIOS.obj (.text:ti_sysbios_family_arm_m3_Hwi_disableFxn__E)
                  000059fc    00000004     --HOLE-- [fill = 0]
                  00005a00    0000000c                   : BIOS.obj (.text:ti_sysbios_family_arm_m3_TaskSupport_checkStack__E)
                  00005a0c    00000004     --HOLE-- [fill = 0]
                  00005a10    0000000c                   : BIOS.obj (.text:ti_sysbios_family_arm_m3_TaskSupport_getStackAlignment__E)
                  00005a1c    00000004     --HOLE-- [fill = 0]
                  00005a20    0000000c                   : BIOS.obj (.text:ti_sysbios_gates_GateHwi_enter__E)
                  00005a2c    0000000c     empty_pem4f.oem4f (.text:ti_sysbios_knl_Queue_Object__get__S)
                  00005a38    0000000c     empty_pem4f.oem4f (.text:ti_sysbios_knl_Semaphore_Params__init__S)
                  00005a44    0000000c     HC_SR04.obj (.text:ti_sysbios_knl_Semaphore_handle)
                  00005a50    0000000c     empty_pem4f.oem4f (.text:ti_sysbios_knl_Task_Params__init__S)
                  00005a5c    0000000c     ti.targets.arm.rtsarm.aem4f : Error.oem4f (.text:xdc_runtime_Error_init__E)
                  00005a68    0000000c                                 : Gate.oem4f (.text:xdc_runtime_Gate_enterSystem__E)
                  00005a74    0000000c                                 : Memory.oem4f (.text:xdc_runtime_Memory_calloc__E)
                  00005a80    0000000c                                 : Memory.oem4f (.text:xdc_runtime_Memory_getMaxDefaultTypeAlign__E)
                  00005a8c    0000000a     empty_pem4f.oem4f (.text:xdc_runtime_IHeap_alloc)
                  00005a96    0000000a     empty_pem4f.oem4f (.text:xdc_runtime_IHeap_free)
                  00005aa0    00000008     sysbios.aem4f : BIOS.obj (.text:ti_sysbios_family_arm_lm4_Timer_masterDisable__I)
                  00005aa8    00000008                   : BIOS.obj (.text:ti_sysbios_family_arm_m3_Hwi_doSwiRestore__I)
                  00005ab0    00000008                   : BIOS.obj (.text:ti_sysbios_family_arm_m3_Hwi_startup__E)
                  00005ab8    00000006     Boot.aem4f : Boot_sysctl.oem4f (.text:ti_catalog_arm_cortexm4_tiva_ce_Boot_sysCtlDelayI__I)
                  00005abe    00000002     --HOLE-- [fill = 0]
                  00005ac0    00000006     sysbios.aem4f : BIOS.obj (.text:ti_sysbios_family_arm_m3_Hwi_doTaskRestore__I)
                  00005ac6    00000002     --HOLE-- [fill = 0]
                  00005ac8    00000006                   : BIOS.obj (.text:ti_sysbios_family_arm_m3_Hwi_restoreFxn__E)
                  00005ace    00000002     --HOLE-- [fill = 0]
                  00005ad0    00000006                   : BIOS.obj (.text:ti_sysbios_gates_GateHwi_leave__E)
                  00005ad6    00000002     --HOLE-- [fill = 0]
                  00005ad8    00000006                   : BIOS.obj (.text:ti_sysbios_heaps_HeapMem_isBlocking__E)
                  00005ade    00000002     --HOLE-- [fill = 0]
                  00005ae0    00000006                   : BIOS.obj (.text:ti_sysbios_knl_Queue_Instance_init__E)
                  00005ae6    00000002     --HOLE-- [fill = 0]
                  00005ae8    00000006                   : BIOS.obj (.text:ti_sysbios_knl_Swi_startup__E)
                  00005aee    00000006     ti.targets.arm.rtsarm.aem4f : System.oem4f (.text:xdc_runtime_System_Module_startup__E)
                  00005af4    00000004     --HOLE-- [fill = 0]
                  00005af8    00000004     sysbios.aem4f : BIOS.obj (.text:ti_sysbios_gates_GateHwi_query__E)
                  00005afc    00000004     --HOLE-- [fill = 0]
                  00005b00    00000004                   : BIOS.obj (.text:ti_sysbios_gates_GateMutex_query__E)
                  00005b04    00000004     --HOLE-- [fill = 0]
                  00005b08    00000004                   : BIOS.obj (.text:ti_sysbios_knl_Task_startup__E)
                  00005b0c    00000004     --HOLE-- [fill = 0]
                  00005b10    00000002                   : BIOS.obj (.text:ti_sysbios_gates_GateHwi_Instance_init__E)
                  00005b12    00000006     --HOLE-- [fill = 0]
                  00005b18    00000002                   : BIOS.obj (.text:ti_sysbios_knl_Clock_logTick__E)

.const     0    00005b1c    00001eb3     
                  00005b1c    00001878     empty_pem4f.oem4f (.const:xdc_runtime_Text_charTab__A)
                  00007394    000000c0     empty_pem4f.oem4f (.const:xdc_runtime_Text_nodeTab__A)
                  00007454    00000054     drivers_tivaware.aem4f : GPIOTiva.oem4f (.const:.string)
                  000074a8    00000048     empty_pem4f.oem4f (.const:.string)
                  000074f0    00000048     drivers_tivaware.aem4f : GPIOTiva.oem4f (.const:gpioBaseAddresses)
                  00007538    0000003c     empty_pem4f.oem4f (.const:ti_sysbios_knl_Task_Object__PARAMS__C)
                  00007574    00000030     empty_pem4f.oem4f (.const:ti_sysbios_family_arm_m3_Hwi_Object__PARAMS__C)
                  000075a4    00000028     empty_pem4f.oem4f (.const:ti_sysbios_heaps_HeapMem_Module__FXNS__C)
                  000075cc    00000024     empty_pem4f.oem4f (.const:ti_sysbios_gates_GateHwi_Module__FXNS__C)
                  000075f0    00000024     empty_pem4f.oem4f (.const:ti_sysbios_gates_GateMutex_Module__FXNS__C)
                  00007614    00000024     empty_pem4f.oem4f (.const:ti_sysbios_heaps_HeapMem_Object__PARAMS__C)
                  00007638    00000024     empty_pem4f.oem4f (.const:ti_sysbios_knl_Semaphore_Object__PARAMS__C)
                  0000765c    00000024     empty_pem4f.oem4f (.const:xdc_runtime_Startup_sfxnTab__A)
                  00007680    00000020     empty_pem4f.oem4f (.const:ti_sysbios_family_arm_m3_Hwi_Object__DESC__C)
                  000076a0    00000020     empty_pem4f.oem4f (.const:ti_sysbios_gates_GateHwi_Object__DESC__C)
                  000076c0    00000020     empty_pem4f.oem4f (.const:ti_sysbios_gates_GateMutex_Object__DESC__C)
                  000076e0    00000020     empty_pem4f.oem4f (.const:ti_sysbios_heaps_HeapMem_Object__DESC__C)
                  00007700    00000020     empty_pem4f.oem4f (.const:ti_sysbios_knl_Queue_Object__DESC__C)
                  00007720    00000020     empty_pem4f.oem4f (.const:ti_sysbios_knl_Semaphore_Object__DESC__C)
                  00007740    00000020     empty_pem4f.oem4f (.const:ti_sysbios_knl_Task_Object__DESC__C)
                  00007760    00000018     empty_pem4f.oem4f (.const:ti_sysbios_gates_GateHwi_Object__PARAMS__C)
                  00007778    00000018     empty_pem4f.oem4f (.const:ti_sysbios_gates_GateMutex_Object__PARAMS__C)
                  00007790    00000018     empty_pem4f.oem4f (.const:ti_sysbios_knl_Queue_Object__PARAMS__C)
                  000077a8    00000014     EK_TM4C123GXL.obj (.const:GPIOTiva_config)
                  000077bc    00000014     empty_pem4f.oem4f (.const:xdc_runtime_Startup_firstFxns__A)
                  000077d0    00000012     empty_pem4f.oem4f (.const:xdc_runtime_Startup_sfxnRts__A)
                  000077e2    00000002     empty_pem4f.oem4f (.const:ti_catalog_arm_cortexm4_tiva_ce_Boot_Module__id__C)
                  000077e4    00000008     empty_pem4f.oem4f (.const)
                  000077ec    00000008     empty_pem4f.oem4f (.const:ti_sysbios_family_arm_m3_Hwi_excHookFuncs__A)
                  000077f4    00000008     empty_pem4f.oem4f (.const:ti_sysbios_knl_Idle_funcList__C)
                  000077fc    00000008     empty_pem4f.oem4f (.const:xdc_runtime_Startup_firstFxns__C)
                  00007804    00000008     empty_pem4f.oem4f (.const:xdc_runtime_Startup_lastFxns__C)
                  0000780c    00000004     empty_pem4f.oem4f (.const:ti_catalog_arm_cortexm4_tiva_ce_Boot_A_mustUseEnhancedClockMode__C)
                  00007810    00000004     empty_pem4f.oem4f (.const:ti_catalog_arm_cortexm4_tiva_ce_Boot_Module__diagsEnabled__C)
                  00007814    00000004     empty_pem4f.oem4f (.const:ti_catalog_arm_cortexm4_tiva_ce_Boot_Module__diagsIncluded__C)
                  00007818    00000004     empty_pem4f.oem4f (.const:ti_catalog_arm_cortexm4_tiva_ce_Boot_Module__diagsMask__C)
                  0000781c    00000004     empty_pem4f.oem4f (.const:ti_sysbios_family_arm_lm4_Timer_enableFunc__C)
                  00007820    00000004     empty_pem4f.oem4f (.const:ti_sysbios_family_arm_lm4_Timer_numTimerDevices__C)
                  00007824    00000004     empty_pem4f.oem4f (.const:ti_sysbios_family_arm_lm4_Timer_startupNeeded__C)
                  00007828    00000004     empty_pem4f.oem4f (.const:ti_sysbios_family_arm_m3_Hwi_E_NMI__C)
                  0000782c    00000004     empty_pem4f.oem4f (.const:ti_sysbios_family_arm_m3_Hwi_E_alreadyDefined__C)
                  00007830    00000004     empty_pem4f.oem4f (.const:ti_sysbios_family_arm_m3_Hwi_E_busFault__C)
                  00007834    00000004     empty_pem4f.oem4f (.const:ti_sysbios_family_arm_m3_Hwi_E_debugMon__C)
                  00007838    00000004     empty_pem4f.oem4f (.const:ti_sysbios_family_arm_m3_Hwi_E_hardFault__C)
                  0000783c    00000004     empty_pem4f.oem4f (.const:ti_sysbios_family_arm_m3_Hwi_E_memFault__C)
                  00007840    00000004     empty_pem4f.oem4f (.const:ti_sysbios_family_arm_m3_Hwi_E_noIsr__C)
                  00007844    00000004     empty_pem4f.oem4f (.const:ti_sysbios_family_arm_m3_Hwi_E_reserved__C)
                  00007848    00000004     empty_pem4f.oem4f (.const:ti_sysbios_family_arm_m3_Hwi_E_svCall__C)
                  0000784c    00000004     empty_pem4f.oem4f (.const:ti_sysbios_family_arm_m3_Hwi_E_usageFault__C)
                  00007850    00000004     empty_pem4f.oem4f (.const:ti_sysbios_family_arm_m3_Hwi_NUM_INTERRUPTS__C)
                  00007854    00000004     empty_pem4f.oem4f (.const:ti_sysbios_family_arm_m3_Hwi_Object__count__C)
                  00007858    00000004     empty_pem4f.oem4f (.const:ti_sysbios_family_arm_m3_Hwi_ccr__C)
                  0000785c    00000004     empty_pem4f.oem4f (.const:ti_sysbios_family_arm_m3_Hwi_excHandlerFunc__C)
                  00007860    00000004     empty_pem4f.oem4f (.const:ti_sysbios_family_arm_m3_Hwi_excHookFuncs__C)
                  00007864    00000004     empty_pem4f.oem4f (.const:ti_sysbios_family_arm_m3_Hwi_nullIsrFunc__C)
                  00007868    00000004     empty_pem4f.oem4f (.const:ti_sysbios_family_arm_m3_Hwi_priGroup__C)
                  0000786c    00000004     empty_pem4f.oem4f (.const:ti_sysbios_family_arm_m3_TaskSupport_stackAlignment__C)
                  00007870    00000004     empty_pem4f.oem4f (.const:ti_sysbios_gates_GateMutex_A_badContext__C)
                  00007874    00000004     empty_pem4f.oem4f (.const:ti_sysbios_gates_GateMutex_Instance_State_sem__O)
                  00007878    00000004     empty_pem4f.oem4f (.const:ti_sysbios_gates_GateMutex_Module__diagsEnabled__C)
                  0000787c    00000004     empty_pem4f.oem4f (.const:ti_sysbios_gates_GateMutex_Module__diagsIncluded__C)
                  00007880    00000004     empty_pem4f.oem4f (.const:ti_sysbios_gates_GateMutex_Module__diagsMask__C)
                  00007884    00000004     empty_pem4f.oem4f (.const:ti_sysbios_hal_Hwi_E_stackOverflow__C)
                  00007888    00000004     empty_pem4f.oem4f (.const:ti_sysbios_heaps_HeapMem_A_align__C)
                  0000788c    00000004     empty_pem4f.oem4f (.const:ti_sysbios_heaps_HeapMem_A_heapSize__C)
                  00007890    00000004     empty_pem4f.oem4f (.const:ti_sysbios_heaps_HeapMem_A_invalidFree__C)
                  00007894    00000004     empty_pem4f.oem4f (.const:ti_sysbios_heaps_HeapMem_A_zeroBlock__C)
                  00007898    00000004     empty_pem4f.oem4f (.const:ti_sysbios_heaps_HeapMem_E_memory__C)
                  0000789c    00000004     empty_pem4f.oem4f (.const:ti_sysbios_heaps_HeapMem_Module__diagsEnabled__C)
                  000078a0    00000004     empty_pem4f.oem4f (.const:ti_sysbios_heaps_HeapMem_Module__diagsIncluded__C)
                  000078a4    00000004     empty_pem4f.oem4f (.const:ti_sysbios_heaps_HeapMem_Module__diagsMask__C)
                  000078a8    00000004     empty_pem4f.oem4f (.const:ti_sysbios_heaps_HeapMem_Module__gateObj__C)
                  000078ac    00000004     empty_pem4f.oem4f (.const:ti_sysbios_heaps_HeapMem_Object__count__C)
                  000078b0    00000004     empty_pem4f.oem4f (.const:ti_sysbios_heaps_HeapMem_reqAlign__C)
                  000078b4    00000004     empty_pem4f.oem4f (.const:ti_sysbios_knl_Clock_Module_State_clockQ__O)
                  000078b8    00000004     empty_pem4f.oem4f (.const:ti_sysbios_knl_Idle_funcList__A)
                  000078bc    00000004     empty_pem4f.oem4f (.const:ti_sysbios_knl_Semaphore_A_badContext__C)
                  000078c0    00000004     empty_pem4f.oem4f (.const:ti_sysbios_knl_Semaphore_A_noEvents__C)
                  000078c4    00000004     empty_pem4f.oem4f (.const:ti_sysbios_knl_Semaphore_A_overflow__C)
                  000078c8    00000004     empty_pem4f.oem4f (.const:ti_sysbios_knl_Semaphore_A_pendTaskDisabled__C)
                  000078cc    00000004     empty_pem4f.oem4f (.const:ti_sysbios_knl_Semaphore_Instance_State_pendQ__O)
                  000078d0    00000004     empty_pem4f.oem4f (.const:ti_sysbios_knl_Semaphore_Module__diagsEnabled__C)
                  000078d4    00000004     empty_pem4f.oem4f (.const:ti_sysbios_knl_Semaphore_Module__diagsIncluded__C)
                  000078d8    00000004     empty_pem4f.oem4f (.const:ti_sysbios_knl_Semaphore_Module__diagsMask__C)
                  000078dc    00000004     empty_pem4f.oem4f (.const:ti_sysbios_knl_Swi_Object__count__C)
                  000078e0    00000004     empty_pem4f.oem4f (.const:ti_sysbios_knl_Task_A_badPriority__C)
                  000078e4    00000004     empty_pem4f.oem4f (.const:ti_sysbios_knl_Task_A_badTaskState__C)
                  000078e8    00000004     empty_pem4f.oem4f (.const:ti_sysbios_knl_Task_A_badThreadType__C)
                  000078ec    00000004     empty_pem4f.oem4f (.const:ti_sysbios_knl_Task_A_badTimeout__C)
                  000078f0    00000004     empty_pem4f.oem4f (.const:ti_sysbios_knl_Task_A_noPendElem__C)
                  000078f4    00000004     empty_pem4f.oem4f (.const:ti_sysbios_knl_Task_A_sleepTaskDisabled__C)
                  000078f8    00000004     empty_pem4f.oem4f (.const:ti_sysbios_knl_Task_E_spOutOfBounds__C)
                  000078fc    00000004     empty_pem4f.oem4f (.const:ti_sysbios_knl_Task_E_stackOverflow__C)
                  00007900    00000004     empty_pem4f.oem4f (.const:ti_sysbios_knl_Task_Module_State_inactiveQ__O)
                  00007904    00000004     empty_pem4f.oem4f (.const:ti_sysbios_knl_Task_Module__diagsEnabled__C)
                  00007908    00000004     empty_pem4f.oem4f (.const:ti_sysbios_knl_Task_Module__diagsIncluded__C)
                  0000790c    00000004     empty_pem4f.oem4f (.const:ti_sysbios_knl_Task_Module__diagsMask__C)
                  00007910    00000004     empty_pem4f.oem4f (.const:ti_sysbios_knl_Task_Object__count__C)
                  00007914    00000004     empty_pem4f.oem4f (.const:ti_sysbios_knl_Task_allBlockedFunc__C)
                  00007918    00000004     empty_pem4f.oem4f (.const:ti_sysbios_knl_Task_defaultStackHeap__C)
                  0000791c    00000004     empty_pem4f.oem4f (.const:ti_sysbios_knl_Task_defaultStackSize__C)
                  00007920    00000004     empty_pem4f.oem4f (.const:ti_sysbios_knl_Task_numConstructedTasks__C)
                  00007924    00000004     empty_pem4f.oem4f (.const:xdc_runtime_Assert_E_assertFailed__C)
                  00007928    00000004     empty_pem4f.oem4f (.const:xdc_runtime_Core_A_initializedParams__C)
                  0000792c    00000004     empty_pem4f.oem4f (.const:xdc_runtime_Core_Module__diagsEnabled__C)
                  00007930    00000004     empty_pem4f.oem4f (.const:xdc_runtime_Core_Module__diagsIncluded__C)
                  00007934    00000004     empty_pem4f.oem4f (.const:xdc_runtime_Core_Module__diagsMask__C)
                  00007938    00000004     empty_pem4f.oem4f (.const:xdc_runtime_Error_E_memory__C)
                  0000793c    00000004     empty_pem4f.oem4f (.const:xdc_runtime_Error_Module__diagsEnabled__C)
                  00007940    00000004     empty_pem4f.oem4f (.const:xdc_runtime_Error_Module__diagsIncluded__C)
                  00007944    00000004     empty_pem4f.oem4f (.const:xdc_runtime_Error_Module__diagsMask__C)
                  00007948    00000004     empty_pem4f.oem4f (.const:xdc_runtime_Error_Module__loggerFxn8__C)
                  0000794c    00000004     empty_pem4f.oem4f (.const:xdc_runtime_Error_Module__loggerObj__C)
                  00007950    00000004     empty_pem4f.oem4f (.const:xdc_runtime_Error_policyFxn__C)
                  00007954    00000004     empty_pem4f.oem4f (.const:xdc_runtime_Error_raiseHook__C)
                  00007958    00000004     empty_pem4f.oem4f (.const:xdc_runtime_IGateProvider_Interface__BASE__C)
                  0000795c    00000004     empty_pem4f.oem4f (.const:xdc_runtime_IHeap_Interface__BASE__C)
                  00007960    00000004     empty_pem4f.oem4f (.const:xdc_runtime_IModule_Interface__BASE__C)
                  00007964    00000004     empty_pem4f.oem4f (.const:xdc_runtime_Log_L_error__C)
                  00007968    00000004     empty_pem4f.oem4f (.const:xdc_runtime_Memory_defaultHeapInstance__C)
                  0000796c    00000004     empty_pem4f.oem4f (.const:xdc_runtime_Startup_execImpl__C)
                  00007970    00000004     empty_pem4f.oem4f (.const:xdc_runtime_Startup_maxPasses__C)
                  00007974    00000004     empty_pem4f.oem4f (.const:xdc_runtime_Startup_sfxnRts__C)
                  00007978    00000004     empty_pem4f.oem4f (.const:xdc_runtime_Startup_sfxnTab__C)
                  0000797c    00000004     empty_pem4f.oem4f (.const:xdc_runtime_SysMin_bufSize__C)
                  00007980    00000004     empty_pem4f.oem4f (.const:xdc_runtime_SysMin_outputFunc__C)
                  00007984    00000004     empty_pem4f.oem4f (.const:xdc_runtime_System_Module__gateObj__C)
                  00007988    00000004     empty_pem4f.oem4f (.const:xdc_runtime_System_abortFxn__C)
                  0000798c    00000004     empty_pem4f.oem4f (.const:xdc_runtime_System_exitFxn__C)
                  00007990    00000004     empty_pem4f.oem4f (.const:xdc_runtime_System_extendFxn__C)
                  00007994    00000004     empty_pem4f.oem4f (.const:xdc_runtime_System_maxAtexitHandlers__C)
                  00007998    00000004     empty_pem4f.oem4f (.const:xdc_runtime_Text_charTab__C)
                  0000799c    00000004     empty_pem4f.oem4f (.const:xdc_runtime_Text_nameEmpty__C)
                  000079a0    00000004     empty_pem4f.oem4f (.const:xdc_runtime_Text_nameStatic__C)
                  000079a4    00000004     empty_pem4f.oem4f (.const:xdc_runtime_Text_nameUnknown__C)
                  000079a8    00000004     empty_pem4f.oem4f (.const:xdc_runtime_Text_nodeTab__C)
                  000079ac    00000004     empty_pem4f.oem4f (.const:xdc_runtime_Text_visitRopeFxn__C)
                  000079b0    00000002     empty_pem4f.oem4f (.const:ti_sysbios_family_arm_m3_Hwi_Module__id__C)
                  000079b2    00000002     empty_pem4f.oem4f (.const:ti_sysbios_gates_GateMutex_Module__id__C)
                  000079b4    00000002     empty_pem4f.oem4f (.const:ti_sysbios_hal_Hwi_Module__id__C)
                  000079b6    00000002     empty_pem4f.oem4f (.const:ti_sysbios_heaps_HeapMem_Module__id__C)
                  000079b8    00000002     empty_pem4f.oem4f (.const:ti_sysbios_knl_Semaphore_Module__id__C)
                  000079ba    00000002     empty_pem4f.oem4f (.const:ti_sysbios_knl_Task_Module__id__C)
                  000079bc    00000002     empty_pem4f.oem4f (.const:xdc_runtime_Core_Module__id__C)
                  000079be    00000002     empty_pem4f.oem4f (.const:xdc_runtime_Error_Module__loggerDefined__C)
                  000079c0    00000002     empty_pem4f.oem4f (.const:xdc_runtime_Error_maxDepth__C)
                  000079c2    00000002     empty_pem4f.oem4f (.const:xdc_runtime_Memory_Module__id__C)
                  000079c4    00000002     empty_pem4f.oem4f (.const:xdc_runtime_SysMin_flushAtExit__C)
                  000079c6    00000002     empty_pem4f.oem4f (.const:xdc_runtime_Text_charCnt__C)
                  000079c8    00000002     empty_pem4f.oem4f (.const:xdc_runtime_Text_isLoaded__C)
                  000079ca    00000002     empty_pem4f.oem4f (.const:xdc_runtime_Text_registryModsLastId__C)
                  000079cc    00000002     empty_pem4f.oem4f (.const:xdc_runtime_Text_unnamedModsLastId__C)
                  000079ce    00000001     empty_pem4f.oem4f (.const:xdc_runtime_Error_policy__C)

.cinit     0    000079d0    00000238     
                  000079d0    00000200     (.cinit..data.load) [load image, compression = lzss]
                  00007bd0    0000000c     (__TI_handler_table)
                  00007bdc    00000004     --HOLE-- [fill = 0]
                  00007be0    00000008     (.cinit..bss.load) [load image, compression = zero_init]
                  00007be8    00000008     (.cinit..vecs.load) [load image, compression = zero_init]
                  00007bf0    00000018     (__TI_cinit_table)

.init_array 
*          0    00000000    00000000     UNINITIALIZED

.resetVecs 
*          0    00000000    0000003c     
                  00000000    0000003c     empty_pem4f.oem4f (.resetVecs)

.vecs      0    20000000    00000360     UNINITIALIZED
                  20000000    00000360     empty_pem4f.oem4f (.vecs)

.bss       0    20000360    00000e0c     UNINITIALIZED
                  20000360    00000400     (.common:ti_sysbios_heaps_HeapMem_Instance_State_0_buf__A)
                  20000760    00000360     (.common:ti_sysbios_family_arm_m3_Hwi_dispatchTable)
                  20000ac0    00000200     empty_pem4f.oem4f (.bss:taskStackSection)
                  20000cc0    00000200     (.common:UltrasonicTaskStack)
                  20000ec0    00000120     rtsv7M4_T_le_v4SPD16_eabi.lib : trgmsg.obj (.bss:_CIOBUF_)
                  20000fe0    00000090     drivers_tivaware.aem4f : GPIOTiva.oem4f (.bss:gpioCallbackInfo)
                  20001070    00000080     (.common:xdc_runtime_SysMin_Module_State_0_outbuf__A)
                  200010f0    00000050     (.common:UltrasonicTaskStruct)
                  20001140    0000001c     (.common:Measure_sem)
                  2000115c    00000008     (.common:parmbuf)
                  20001164    00000004     (.common:Measure_sem_Handle)
                  20001168    00000004     (.common:gpioInterruptVectors)

.data      0    20001170    000004e0     UNINITIALIZED
                  20001170    000000c0     empty_pem4f.oem4f (.data:ti_sysbios_family_arm_lm4_Timer_Object__table__V)
                  20001230    00000080     empty_pem4f.oem4f (.data:ti_sysbios_knl_Swi_Module_State_0_readyQ__A)
                  200012b0    00000080     empty_pem4f.oem4f (.data:ti_sysbios_knl_Task_Module_State_0_readyQ__A)
                  20001330    0000004c     empty_pem4f.oem4f (.data:ti_sysbios_knl_Task_Object__table__V)
                  2000137c    00000044     empty_pem4f.oem4f (.data:ti_sysbios_knl_Task_Module__state__V)
                  200013c0    00000038     empty_pem4f.oem4f (.data:ti_sysbios_gates_GateMutex_Object__table__V)
                  200013f8    00000034     empty_pem4f.oem4f (.data:ti_sysbios_family_arm_m3_Hwi_Module__state__V)
                  2000142c    00000030     empty_pem4f.oem4f (.data:ti_sysbios_family_arm_lm4_Timer_Module_State_0_device__A)
                  2000145c    00000030     empty_pem4f.oem4f (.data:ti_sysbios_family_arm_m3_Hwi_Object__table__V)
                  2000148c    00000030     empty_pem4f.oem4f (.data:ti_sysbios_knl_Swi_Object__table__V)
                  200014bc    0000002c     empty_pem4f.oem4f (.data:ti_sysbios_knl_Clock_Module__state__V)
                  200014e8    00000024     empty_pem4f.oem4f (.data:ti_sysbios_BIOS_Module__state__V)
                  2000150c    00000004     HC_SR04.obj (.data:Echo_Pin)
                  20001510    00000022     HC_SR04.obj (.data)
                  20001532    00000002     empty_pem4f.oem4f (.data:ti_sysbios_family_arm_m3_Hwi_Module_State_0_excActive__A)
                  20001534    0000001c     empty_pem4f.oem4f (.data:ti_sysbios_knl_Swi_Module__state__V)
                  20001550    00000018     EK_TM4C123GXL.obj (.data:gpioPinConfigs)
                  20001568    00000018     empty_pem4f.oem4f (.data:ti_sysbios_family_arm_lm4_Timer_Module_State_0_handles__A)
                  20001580    00000018     empty_pem4f.oem4f (.data:ti_sysbios_heaps_HeapMem_Object__table__V)
                  20001598    0000000c     rtsv7M4_T_le_v4SPD16_eabi.lib : exit.obj (.data:$O1$$)
                  200015a4    0000000c     empty_pem4f.oem4f (.data:ti_sysbios_family_arm_lm4_Timer_Module__state__V)
                  200015b0    0000000c     empty_pem4f.oem4f (.data:xdc_runtime_SysMin_Module__state__V)
                  200015bc    00000008     rtsv7M4_T_le_v4SPD16_eabi.lib : _lock.obj (.data:$O1$$)
                  200015c4    00000008     EK_TM4C123GXL.obj (.data:gpioCallbackFunctions)
                  200015cc    00000008     empty_pem4f.oem4f (.data:ti_sysbios_family_arm_m3_Hwi_Module__root__V)
                  200015d4    00000008     empty_pem4f.oem4f (.data:ti_sysbios_gates_GateHwi_Module__root__V)
                  200015dc    00000008     empty_pem4f.oem4f (.data:ti_sysbios_gates_GateMutex_Module__root__V)
                  200015e4    00000008     empty_pem4f.oem4f (.data:ti_sysbios_heaps_HeapMem_Module__root__V)
                  200015ec    00000008     empty_pem4f.oem4f (.data:ti_sysbios_knl_Queue_Module__root__V)
                  200015f4    00000008     empty_pem4f.oem4f (.data:ti_sysbios_knl_Semaphore_Module__root__V)
                  200015fc    00000008     empty_pem4f.oem4f (.data:ti_sysbios_knl_Task_Module__root__V)
                  20001604    00000008     empty_pem4f.oem4f (.data:xdc_runtime_Registry_Module__state__V)
                  2000160c    00000008     empty_pem4f.oem4f (.data:xdc_runtime_Startup_Module__state__V)
                  20001614    00000008     empty_pem4f.oem4f (.data:xdc_runtime_System_Module_State_0_atexitHandlers__A)
                  2000161c    00000008     empty_pem4f.oem4f (.data:xdc_runtime_System_Module__state__V)
                  20001624    00000005     drivers_tivaware.aem4f : GPIOTiva.oem4f (.data)
                  20001629    00000001     --HOLE--
                  2000162a    00000002     empty_pem4f.oem4f (.data:xdc_runtime_Error_Module__state__V)
                  2000162c    00000004     HC_SR04.obj (.data:Trigger_Pin)
                  20001630    00000004     empty.obj (.data:echo)
                  20001634    00000004     rtsv7M4_T_le_v4SPD16_eabi.lib : stkdepth_vars.obj (.data)
                  20001638    00000004     empty_pem4f.oem4f (.data:ti_sysbios_family_arm_m3_Hwi_Module_State_0_excContext__A)
                  2000163c    00000004     empty_pem4f.oem4f (.data:ti_sysbios_family_arm_m3_Hwi_Module_State_0_excStack__A)
                  20001640    00000004     empty_pem4f.oem4f (.data:ti_sysbios_gates_GateHwi_Object__table__V)
                  20001644    00000004     empty_pem4f.oem4f (.data:ti_sysbios_knl_Task_Module_State_0_idleTask__A)
                  20001648    00000004     empty.obj (.data:trigger)
                  2000164c    00000004     empty_pem4f.oem4f (.data:xdc_runtime_Memory_Module__state__V)

.stack     0    20001650    00000300     UNINITIALIZED
                  20001650    00000300     --HOLE--

.bootVecs 
*          0    00000000    00000008     DSECT
                  00000000    00000008     boot.aem4f : boot.oem4f (.bootVecs)

xdc.meta   0    00000000    000000ec     COPY SECTION
                  00000000    000000ec     empty_pem4f.oem4f (xdc.meta)

MODULE SUMMARY

       Module                     code    ro data   rw data
       ------                     ----    -------   -------
    .\
       HC_SR04.obj                692     0         666    
       EK_TM4C123GXL.obj          112     20        32     
       empty.obj                  76      0         8      
    +--+--------------------------+-------+---------+---------+
       Total:                     880     20        706    
                                                           
    C:\Users\Andres\workspace_v7\empty_EK_TM4C123GXL_TI\Debug\configPkg\package\cfg\
       empty_pem4f.oem4f          1666    7743      4528   
    +--+--------------------------+-------+---------+---------+
       Total:                     1666    7743      4528   
                                                           
    C:/ti/tirtos_tivac_2_16_00_08/products/TivaWare_C_Series-2.1.1.71b/driverlib/ccs/Debug/driverlib.lib
       gpio.obj                   494     0         0      
       sysctl.obj                 52      0         0      
    +--+--------------------------+-------+---------+---------+
       Total:                     546     0         0      
                                                           
    C:/ti/tirtos_tivac_2_16_00_08/products/tidrivers_tivac_2_16_00_08/packages/ti/drivers/lib/drivers_tivaware.aem4f
       GPIOTiva.oem4f             892     156       153    
    +--+--------------------------+-------+---------+---------+
       Total:                     892     156       153    
                                                           
    C:\Users\Andres\workspace_v7\empty_EK_TM4C123GXL_TI\src\sysbios\sysbios.aem4f
       BIOS.obj                   12008   0         0      
       m3_Hwi_asm.obj             314     0         0      
       m3_TaskSupport_asm.obj     180     0         0      
       m3_Hwi_asm_switch.obj      118     0         0      
    +--+--------------------------+-------+---------+---------+
       Total:                     12620   0         0      
                                                           
    C:\ti\ccsv7\tools\compiler\ti-cgt-arm_16.9.6.LTS\lib\rtsv7M4_T_le_v4SPD16_eabi.lib
       ull_div_t2.obj             500     0         0      
       trgmsg.obj                 104     0         288    
       fd_div_t2.obj              310     0         0      
       memcpy_t2.obj              156     0         0      
       memset_t2.obj              122     0         0      
       copy_decompress_lzss.obj   104     0         0      
       exit.obj                   84      0         12     
       hostwrite.obj              88      0         0      
       cpy_tbl.obj                76      0         0      
       fd_tou_t2.obj              68      0         0      
       u_divt2.obj                64      0         0      
       u_tofd_t2.obj              32      0         0      
       _lock.obj                  20      0         8      
       args_main.obj              24      0         0      
       strlen.obj                 20      0         0      
       copy_decompress_none.obj   14      0         0      
       copy_zero_init.obj         12      0         0      
       hostopen.obj               0       0         8      
       stkdepth_vars.obj          0       0         4      
       i_div0.obj                 2       0         0      
    +--+--------------------------+-------+---------+---------+
       Total:                     1800    0         320    
                                                           
    C:\ti\tirtos_tivac_2_16_00_08\products\bios_6_45_01_29\packages\ti\catalog\arm\cortexm4\tiva\ce\lib\Boot.aem4f
       Boot_sysctl.oem4f          262     0         0      
       Boot.oem4f                 152     0         0      
    +--+--------------------------+-------+---------+---------+
       Total:                     414     0         0      
                                                           
    C:\ti\tirtos_tivac_2_16_00_08\products\bios_6_45_01_29\packages\ti\targets\arm\rtsarm\lib\auto_init.aem4f
       auto_init.oem4f            160     0         0      
    +--+--------------------------+-------+---------+---------+
       Total:                     160     0         0      
                                                           
    C:\ti\tirtos_tivac_2_16_00_08\products\bios_6_45_01_29\packages\ti\targets\arm\rtsarm\lib\boot.aem4f
       boot.oem4f                 88      0         0      
    +--+--------------------------+-------+---------+---------+
       Total:                     88      0         0      
                                                           
    C:\ti\tirtos_tivac_2_16_00_08\products\bios_6_45_01_29\packages\ti\targets\arm\rtsarm\lib\ti.targets.arm.rtsarm.aem4f
       System.oem4f               1255    0         0      
       Text.oem4f                 672     0         0      
       Error.oem4f                524     0         0      
       Core-mem.oem4f             358     0         0      
       Startup.oem4f              328     0         0      
       SysMin.oem4f               248     0         0      
       Core-smem.oem4f            204     0         0      
       Memory.oem4f               176     0         0      
       Assert.oem4f               84      0         0      
       Core-params.oem4f          70      0         0      
       Core-label.oem4f           52      0         0      
       Registry.oem4f             32      0         0      
       Gate.oem4f                 28      0         0      
    +--+--------------------------+-------+---------+---------+
       Total:                     4031    0         0      
                                                           
       Stack:                     0       0         768    
       Linker Generated:          0       564       0      
    +--+--------------------------+-------+---------+---------+
       Grand Total:               23097   8483      6475   


LINKER GENERATED COPY TABLES

__TI_cinit_table @ 00007bf0 records: 3, size/record: 8, table size: 24
	.data: load addr=000079d0, load size=00000200 bytes, run addr=20001170, run size=000004e0 bytes, compression=lzss
	.bss: load addr=00007be0, load size=00000008 bytes, run addr=20000360, run size=00000e0c bytes, compression=zero_init
	.vecs: load addr=00007be8, load size=00000008 bytes, run addr=20000000, run size=00000360 bytes, compression=zero_init


LINKER GENERATED HANDLER TABLE

__TI_handler_table @ 00007bd0 records: 3, size/record: 4, table size: 12
	index: 0, handler: __TI_decompress_lzss
	index: 1, handler: __TI_decompress_none
	index: 2, handler: __TI_zero_init


GLOBAL SYMBOLS: SORTED ALPHABETICALLY BY Name 

address   name                                                              
-------   ----                                                              
00004291  C$$EXIT                                                           
00003c63  C$$IO$$                                                           
20001528  CountPeriod                                                       
00004dc5  EK_TM4C123GXL_initGPIO                                            
000049b1  EK_TM4C123GXL_initGeneral                                         
2000152c  EchoCount                                                         
0000383d  EchoEvent                                                         
2000150c  Echo_Pin                                                          
000050e9  GPIODirModeSet                                                    
0000480b  GPIOIntClear                                                      
000059b5  GPIOIntEnable                                                     
00005969  GPIOIntStatus                                                     
00004239  GPIOIntTypeSet                                                    
00002223  GPIOPadConfigSet                                                  
000054e3  GPIOPinRead                                                       
00005845  GPIOPinTypeGPIOInput                                              
0000586b  GPIOPinWrite                                                      
000077a8  GPIOTiva_config                                                   
00005345  GPIO_clearInt                                                     
00004df5  GPIO_enableInt                                                    
00003d05  GPIO_hwiIntFxn                                                    
0000369d  GPIO_init                                                         
00004e25  GPIO_read                                                         
0000438d  GPIO_setCallback                                                  
00001bcd  GPIO_setConfig                                                    
000043dd  GPIO_write                                                        
00002b2d  HCSR04Task                                                        
00004189  HOSTwrite                                                         
20001140  Measure_sem                                                       
20001164  Measure_sem_Handle                                                
20001514  Num_Ultrasonics                                                   
UNDEFED   SHT$$INIT_ARRAY$$Base                                             
UNDEFED   SHT$$INIT_ARRAY$$Limit                                            
00004c11  SysCtlPeripheralEnable                                            
20001530  TaskFlag                                                          
000077e4  TimerEcho                                                         
0000513d  TimerEvent                                                        
000077e8  TimerTrigger                                                      
2000162c  Trigger_Pin                                                       
20000cc0  UltrasonicTaskStack                                               
200010f0  UltrasonicTaskStruct                                              
000059c1  Ultrasonic_Enable                                                 
00002951  Ultrasonic_init                                                   
00000000  __ASM__                                                           
20000ec0  __CIOBUF_                                                         
0000006a  __ISA__                                                           
0000007d  __PLAT__                                                          
20001950  __STACK_END                                                       
00000300  __STACK_SIZE                                                      
0000009e  __TARG__                                                          
00007bf0  __TI_CINIT_Base                                                   
00007c08  __TI_CINIT_Limit                                                  
00007bd0  __TI_Handler_Table_Base                                           
00007bdc  __TI_Handler_Table_Limit                                          
000031c1  __TI_auto_init                                                    
20001598  __TI_cleanup_ptr                                                  
00003bcd  __TI_decompress_lzss                                              
00005977  __TI_decompress_none                                              
2000159c  __TI_dtors_ptr                                                    
200015a0  __TI_enable_exit_profile_output                                   
ffffffff  __TI_pprof_out_hndl                                               
ffffffff  __TI_prof_data_size                                               
ffffffff  __TI_prof_data_start                                              
00003c67  __TI_readmsg                                                      
000079d0  __TI_static_base__                                                
00003c35  __TI_writemsg                                                     
000059cd  __TI_zero_init                                                    
000000c4  __TRDR__                                                          
000047c7  __aeabi_d2uiz                                                     
000020ed  __aeabi_ddiv                                                      
00002353  __aeabi_idiv0                                                     
000038bd  __aeabi_memclr                                                    
000038bd  __aeabi_memclr4                                                   
000038bd  __aeabi_memclr8                                                   
00003301  __aeabi_memcpy                                                    
00003301  __aeabi_memcpy4                                                   
00003301  __aeabi_memcpy8                                                   
000038bf  __aeabi_memset                                                    
000038bf  __aeabi_memset4                                                   
000038bf  __aeabi_memset8                                                   
00005365  __aeabi_ui2d                                                      
000049f1  __aeabi_uidiv                                                     
000049f1  __aeabi_uidivmod                                                  
0000134d  __aeabi_uldivmod                                                  
ffffffff  __binit__                                                         
ffffffff  __c_args__                                                        
20001650  __stack                                                           
0000567d  _args_main                                                        
00004131  _c_int00                                                          
200015bc  _lock                                                             
000057c3  _nop                                                              
000057bb  _register_lock                                                    
000057b5  _register_unlock                                                  
200015c0  _unlock                                                           
00004295  abort                                                             
ffffffff  binit                                                             
0000456d  copy_in                                                           
20001518  distance                                                          
20001630  echo                                                              
0000429d  exit                                                              
200015c4  gpioCallbackFunctions                                             
20001550  gpioPinConfigs                                                    
20001510  i                                                                 
00004521  main                                                              
20001634  main_func_sp                                                      
00003301  memcpy                                                            
000038c5  memset                                                            
20001520  microS                                                            
20001531  once                                                              
00005909  osi_TaskDisable                                                   
000058a9  osi_start                                                         
2000115c  parmbuf                                                           
000057c9  strlen                                                            
0000780c  ti_catalog_arm_cortexm4_tiva_ce_Boot_A_mustUseEnhancedClockMode__C
00007810  ti_catalog_arm_cortexm4_tiva_ce_Boot_Module__diagsEnabled__C      
00007814  ti_catalog_arm_cortexm4_tiva_ce_Boot_Module__diagsIncluded__C     
00007818  ti_catalog_arm_cortexm4_tiva_ce_Boot_Module__diagsMask__C         
000077e2  ti_catalog_arm_cortexm4_tiva_ce_Boot_Module__id__C                
000059a9  ti_catalog_arm_cortexm4_tiva_ce_Boot_init__I                      
0000246d  ti_catalog_arm_cortexm4_tiva_ce_Boot_sysCtlClockSetI__I           
000034d9  ti_catalog_arm_cortexm4_tiva_ce_Boot_sysCtlClockSet__E            
00005ab9  ti_catalog_arm_cortexm4_tiva_ce_Boot_sysCtlDelayI__I              
200014e8  ti_sysbios_BIOS_Module__state__V                                  
000055e1  ti_sysbios_BIOS_RtsGateProxy_Handle__label__S                     
0000526d  ti_sysbios_BIOS_RtsGateProxy_Object__delete__S                    
000007bd  ti_sysbios_BIOS_RtsGateProxy_enter__E                             
0000114d  ti_sysbios_BIOS_RtsGateProxy_leave__E                             
00005b01  ti_sysbios_BIOS_RtsGateProxy_query__E                             
00004e55  ti_sysbios_BIOS_atExitFunc__I                                     
000051dd  ti_sysbios_BIOS_errorRaiseHook__I                                 
00005771  ti_sysbios_BIOS_exitFunc__I                                       
000034d7  ti_sysbios_BIOS_nullFunc__I                                       
00005201  ti_sysbios_BIOS_registerRTSLock__I                                
00005225  ti_sysbios_BIOS_removeRTSLock__I                                  
00005385  ti_sysbios_BIOS_rtsLock__I                                        
00005695  ti_sysbios_BIOS_rtsUnlock__I                                      
00005899  ti_sysbios_BIOS_setThreadType__E                                  
00005249  ti_sysbios_BIOS_startFunc__I                                      
000058a9  ti_sysbios_BIOS_start__E                                          
2000142c  ti_sysbios_family_arm_lm4_Timer_Module_State_0_device__A          
20001568  ti_sysbios_family_arm_lm4_Timer_Module_State_0_handles__A         
000056ad  ti_sysbios_family_arm_lm4_Timer_Module__startupDone__F            
000056ad  ti_sysbios_family_arm_lm4_Timer_Module__startupDone__S            
200015a4  ti_sysbios_family_arm_lm4_Timer_Module__state__V                  
00003d69  ti_sysbios_family_arm_lm4_Timer_Module_startup__E                 
20001170  ti_sysbios_family_arm_lm4_Timer_Object__table__V                  
0000781c  ti_sysbios_family_arm_lm4_Timer_enableFunc__C                     
00003071  ti_sysbios_family_arm_lm4_Timer_enableTimers__I                   
00002fc1  ti_sysbios_family_arm_lm4_Timer_enableTiva__I                     
000057e1  ti_sysbios_family_arm_lm4_Timer_getCount__E                       
000059d9  ti_sysbios_family_arm_lm4_Timer_getMaxTicks__E                    
00003e99  ti_sysbios_family_arm_lm4_Timer_isrStub__E                        
00005aa1  ti_sysbios_family_arm_lm4_Timer_masterDisable__I                  
00001a65  ti_sysbios_family_arm_lm4_Timer_masterEnable__I                   
00007820  ti_sysbios_family_arm_lm4_Timer_numTimerDevices__C                
00004c49  ti_sysbios_family_arm_lm4_Timer_setPeriodMicroSecs__E             
00001d21  ti_sysbios_family_arm_lm4_Timer_start__E                          
00007824  ti_sysbios_family_arm_lm4_Timer_startupNeeded__C                  
00004a31  ti_sysbios_family_arm_lm4_Timer_startup__E                        
00004811  ti_sysbios_family_arm_lm4_Timer_stop__E                           
00005301  ti_sysbios_family_arm_lm4_Timer_write__I                          
00007828  ti_sysbios_family_arm_m3_Hwi_E_NMI__C                             
0000782c  ti_sysbios_family_arm_m3_Hwi_E_alreadyDefined__C                  
00007830  ti_sysbios_family_arm_m3_Hwi_E_busFault__C                        
00007834  ti_sysbios_family_arm_m3_Hwi_E_debugMon__C                        
00007838  ti_sysbios_family_arm_m3_Hwi_E_hardFault__C                       
0000783c  ti_sysbios_family_arm_m3_Hwi_E_memFault__C                        
00007840  ti_sysbios_family_arm_m3_Hwi_E_noIsr__C                           
00007844  ti_sysbios_family_arm_m3_Hwi_E_reserved__C                        
00007848  ti_sysbios_family_arm_m3_Hwi_E_svCall__C                          
[...]
00005aa1  ti_sysbios_family_arm_lm4_Timer_masterDisable__I                  
00005aa9  ti_sysbios_family_arm_m3_Hwi_doSwiRestore__I                      
00005ab1  ti_sysbios_family_arm_m3_Hwi_startup__E                           
00005ab1  ti_sysbios_hal_Hwi_HwiProxy_startup__E                            
00005ab1  ti_sysbios_hal_Hwi_startup__E                                     
00005ab9  ti_catalog_arm_cortexm4_tiva_ce_Boot_sysCtlDelayI__I              
00005ac1  ti_sysbios_family_arm_m3_Hwi_doTaskRestore__I                     
00005ac9  ti_sysbios_family_arm_m3_Hwi_restoreFxn__E                        
00005ac9  ti_sysbios_hal_Hwi_HwiProxy_restore__E                            
00005ad1  ti_sysbios_gates_GateHwi_leave__E                                 
00005ad9  ti_sysbios_heaps_HeapMem_isBlocking__E                            
00005ae1  ti_sysbios_knl_Queue_Instance_init__E                             
00005ae9  ti_sysbios_knl_Swi_startup__E                                     
00005aef  xdc_runtime_System_Module_startup__E                              
00005af9  ti_sysbios_gates_GateHwi_query__E                                 
00005af9  xdc_runtime_Main_Module_GateProxy_query__E                        
00005af9  xdc_runtime_System_Module_GateProxy_query__E                      
00005b01  ti_sysbios_BIOS_RtsGateProxy_query__E                             
00005b01  ti_sysbios_gates_GateMutex_query__E                               
00005b01  ti_sysbios_heaps_HeapMem_Module_GateProxy_query__E                
00005b09  ti_sysbios_knl_Task_startup__E                                    
00005b11  ti_sysbios_gates_GateHwi_Instance_init__E                         
00005b19  ti_sysbios_knl_Clock_logTick__E                                   
00005b1c  xdc_runtime_Text_charTab__A                                       
00007394  xdc_runtime_Text_nodeTab__A                                       
00007538  ti_sysbios_knl_Task_Object__PARAMS__C                             
00007574  ti_sysbios_family_arm_m3_Hwi_Object__PARAMS__C                    
000075a4  ti_sysbios_heaps_HeapMem_Module__FXNS__C                          
000075cc  ti_sysbios_gates_GateHwi_Module__FXNS__C                          
000075f0  ti_sysbios_gates_GateMutex_Module__FXNS__C                        
00007614  ti_sysbios_heaps_HeapMem_Object__PARAMS__C                        
00007638  ti_sysbios_knl_Semaphore_Object__PARAMS__C                        
0000765c  xdc_runtime_Startup_sfxnTab__A                                    
00007680  ti_sysbios_family_arm_m3_Hwi_Object__DESC__C                      
000076a0  ti_sysbios_gates_GateHwi_Object__DESC__C                          
000076c0  ti_sysbios_gates_GateMutex_Object__DESC__C                        
000076e0  ti_sysbios_heaps_HeapMem_Object__DESC__C                          
00007700  ti_sysbios_knl_Queue_Object__DESC__C                              
00007720  ti_sysbios_knl_Semaphore_Object__DESC__C                          
00007740  ti_sysbios_knl_Task_Object__DESC__C                               
00007760  ti_sysbios_gates_GateHwi_Object__PARAMS__C                        
00007778  ti_sysbios_gates_GateMutex_Object__PARAMS__C                      
00007790  ti_sysbios_knl_Queue_Object__PARAMS__C                            
000077a8  GPIOTiva_config                                                   
000077bc  xdc_runtime_Startup_firstFxns__A                                  
000077d0  xdc_runtime_Startup_sfxnRts__A                                    
000077e2  ti_catalog_arm_cortexm4_tiva_ce_Boot_Module__id__C                
000077e4  TimerEcho                                                         
000077e8  TimerTrigger                                                      
000077ec  ti_sysbios_family_arm_m3_Hwi_excHookFuncs__A                      
000077f4  ti_sysbios_knl_Idle_funcList__C                                   
000077fc  xdc_runtime_Startup_firstFxns__C                                  
00007804  xdc_runtime_Startup_lastFxns__C                                   
0000780c  ti_catalog_arm_cortexm4_tiva_ce_Boot_A_mustUseEnhancedClockMode__C
00007810  ti_catalog_arm_cortexm4_tiva_ce_Boot_Module__diagsEnabled__C      
00007814  ti_catalog_arm_cortexm4_tiva_ce_Boot_Module__diagsIncluded__C     
00007818  ti_catalog_arm_cortexm4_tiva_ce_Boot_Module__diagsMask__C         
0000781c  ti_sysbios_family_arm_lm4_Timer_enableFunc__C                     
00007820  ti_sysbios_family_arm_lm4_Timer_numTimerDevices__C                
00007824  ti_sysbios_family_arm_lm4_Timer_startupNeeded__C                  
00007828  ti_sysbios_family_arm_m3_Hwi_E_NMI__C                             
0000782c  ti_sysbios_family_arm_m3_Hwi_E_alreadyDefined__C                  
00007830  ti_sysbios_family_arm_m3_Hwi_E_busFault__C                        
00007834  ti_sysbios_family_arm_m3_Hwi_E_debugMon__C                        
00007838  ti_sysbios_family_arm_m3_Hwi_E_hardFault__C                       
0000783c  ti_sysbios_family_arm_m3_Hwi_E_memFault__C                        
00007840  ti_sysbios_family_arm_m3_Hwi_E_noIsr__C                           
00007844  ti_sysbios_family_arm_m3_Hwi_E_reserved__C                        
00007848  ti_sysbios_family_arm_m3_Hwi_E_svCall__C                          
0000784c  ti_sysbios_family_arm_m3_Hwi_E_usageFault__C                      
00007850  ti_sysbios_family_arm_m3_Hwi_NUM_INTERRUPTS__C                    
00007854  ti_sysbios_family_arm_m3_Hwi_Object__count__C                     
00007858  ti_sysbios_family_arm_m3_Hwi_ccr__C                               
0000785c  ti_sysbios_family_arm_m3_Hwi_excHandlerFunc__C                    
00007860  ti_sysbios_family_arm_m3_Hwi_excHookFuncs__C                      
00007864  ti_sysbios_family_arm_m3_Hwi_nullIsrFunc__C                       
00007868  ti_sysbios_family_arm_m3_Hwi_priGroup__C                          
0000786c  ti_sysbios_family_arm_m3_TaskSupport_stackAlignment__C            
00007870  ti_sysbios_gates_GateMutex_A_badContext__C                        
00007874  ti_sysbios_gates_GateMutex_Instance_State_sem__O                  
00007878  ti_sysbios_gates_GateMutex_Module__diagsEnabled__C                
0000787c  ti_sysbios_gates_GateMutex_Module__diagsIncluded__C               
00007880  ti_sysbios_gates_GateMutex_Module__diagsMask__C                   
00007884  ti_sysbios_hal_Hwi_E_stackOverflow__C                             
00007888  ti_sysbios_heaps_HeapMem_A_align__C                               
0000788c  ti_sysbios_heaps_HeapMem_A_heapSize__C                            
00007890  ti_sysbios_heaps_HeapMem_A_invalidFree__C                         
00007894  ti_sysbios_heaps_HeapMem_A_zeroBlock__C                           
00007898  ti_sysbios_heaps_HeapMem_E_memory__C                              
0000789c  ti_sysbios_heaps_HeapMem_Module__diagsEnabled__C                  
000078a0  ti_sysbios_heaps_HeapMem_Module__diagsIncluded__C                 
000078a4  ti_sysbios_heaps_HeapMem_Module__diagsMask__C                     
000078a8  ti_sysbios_heaps_HeapMem_Module__gateObj__C                       
000078ac  ti_sysbios_heaps_HeapMem_Object__count__C                         
000078b0  ti_sysbios_heaps_HeapMem_reqAlign__C                              
000078b4  ti_sysbios_knl_Clock_Module_State_clockQ__O                       
000078b8  ti_sysbios_knl_Idle_funcList__A                                   
000078bc  ti_sysbios_knl_Semaphore_A_badContext__C                          
000078c0  ti_sysbios_knl_Semaphore_A_noEvents__C                            
000078c4  ti_sysbios_knl_Semaphore_A_overflow__C                            
000078c8  ti_sysbios_knl_Semaphore_A_pendTaskDisabled__C                    
000078cc  ti_sysbios_knl_Semaphore_Instance_State_pendQ__O                  
000078d0  ti_sysbios_knl_Semaphore_Module__diagsEnabled__C                  
000078d4  ti_sysbios_knl_Semaphore_Module__diagsIncluded__C                 
000078d8  ti_sysbios_knl_Semaphore_Module__diagsMask__C                     
000078dc  ti_sysbios_knl_Swi_Object__count__C                               
000078e0  ti_sysbios_knl_Task_A_badPriority__C                              
000078e4  ti_sysbios_knl_Task_A_badTaskState__C                             
000078e8  ti_sysbios_knl_Task_A_badThreadType__C                            
000078ec  ti_sysbios_knl_Task_A_badTimeout__C                               
000078f0  ti_sysbios_knl_Task_A_noPendElem__C                               
000078f4  ti_sysbios_knl_Task_A_sleepTaskDisabled__C                        
000078f8  ti_sysbios_knl_Task_E_spOutOfBounds__C                            
000078fc  ti_sysbios_knl_Task_E_stackOverflow__C                            
00007900  ti_sysbios_knl_Task_Module_State_inactiveQ__O                     
00007904  ti_sysbios_knl_Task_Module__diagsEnabled__C                       
00007908  ti_sysbios_knl_Task_Module__diagsIncluded__C                      
0000790c  ti_sysbios_knl_Task_Module__diagsMask__C                          
00007910  ti_sysbios_knl_Task_Object__count__C                              
00007914  ti_sysbios_knl_Task_allBlockedFunc__C                             
00007918  ti_sysbios_knl_Task_defaultStackHeap__C                           
0000791c  ti_sysbios_knl_Task_defaultStackSize__C                           
00007920  ti_sysbios_knl_Task_numConstructedTasks__C                        
00007924  xdc_runtime_Assert_E_assertFailed__C                              
00007928  xdc_runtime_Core_A_initializedParams__C                           
0000792c  xdc_runtime_Core_Module__diagsEnabled__C                          
00007930  xdc_runtime_Core_Module__diagsIncluded__C                         
00007934  xdc_runtime_Core_Module__diagsMask__C                             
00007938  xdc_runtime_Error_E_memory__C                                     
0000793c  xdc_runtime_Error_Module__diagsEnabled__C                         
00007940  xdc_runtime_Error_Module__diagsIncluded__C                        
00007944  xdc_runtime_Error_Module__diagsMask__C                            
00007948  xdc_runtime_Error_Module__loggerFxn8__C                           
0000794c  xdc_runtime_Error_Module__loggerObj__C                            
00007950  xdc_runtime_Error_policyFxn__C                                    
00007954  xdc_runtime_Error_raiseHook__C                                    
00007958  xdc_runtime_IGateProvider_Interface__BASE__C                      
0000795c  xdc_runtime_IHeap_Interface__BASE__C                              
00007960  xdc_runtime_IModule_Interface__BASE__C                            
00007964  xdc_runtime_Log_L_error__C                                        
00007968  xdc_runtime_Memory_defaultHeapInstance__C                         
0000796c  xdc_runtime_Startup_execImpl__C                                   
00007970  xdc_runtime_Startup_maxPasses__C                                  
00007974  xdc_runtime_Startup_sfxnRts__C                                    
00007978  xdc_runtime_Startup_sfxnTab__C                                    
0000797c  xdc_runtime_SysMin_bufSize__C                                     
00007980  xdc_runtime_SysMin_outputFunc__C                                  
00007984  xdc_runtime_System_Module__gateObj__C                             
00007988  xdc_runtime_System_abortFxn__C                                    
0000798c  xdc_runtime_System_exitFxn__C                                     
00007990  xdc_runtime_System_extendFxn__C                                   
00007994  xdc_runtime_System_maxAtexitHandlers__C                           
00007998  xdc_runtime_Text_charTab__C                                       
0000799c  xdc_runtime_Text_nameEmpty__C                                     
000079a0  xdc_runtime_Text_nameStatic__C                                    
000079a4  xdc_runtime_Text_nameUnknown__C                                   
000079a8  xdc_runtime_Text_nodeTab__C                                       
000079ac  xdc_runtime_Text_visitRopeFxn__C                                  
000079b0  ti_sysbios_family_arm_m3_Hwi_Module__id__C                        
000079b2  ti_sysbios_gates_GateMutex_Module__id__C                          
000079b4  ti_sysbios_hal_Hwi_Module__id__C                                  
000079b6  ti_sysbios_heaps_HeapMem_Module__id__C                            
000079b8  ti_sysbios_knl_Semaphore_Module__id__C                            
000079ba  ti_sysbios_knl_Task_Module__id__C                                 
000079bc  xdc_runtime_Core_Module__id__C                                    
000079be  xdc_runtime_Error_Module__loggerDefined__C                        
000079c0  xdc_runtime_Error_maxDepth__C                                     
000079c2  xdc_runtime_Memory_Module__id__C                                  
000079c4  xdc_runtime_SysMin_flushAtExit__C                                 
000079c6  xdc_runtime_Text_charCnt__C                                       
000079c8  xdc_runtime_Text_isLoaded__C                                      
000079ca  xdc_runtime_Text_registryModsLastId__C                            
000079cc  xdc_runtime_Text_unnamedModsLastId__C                             
000079ce  xdc_runtime_Error_policy__C                                       
000079d0  __TI_static_base__                                                
00007bd0  __TI_Handler_Table_Base                                           
00007bdc  __TI_Handler_Table_Limit                                          
00007bf0  __TI_CINIT_Base                                                   
00007c08  __TI_CINIT_Limit                                                  
20000000  ti_sysbios_family_arm_m3_Hwi_ramVectors                           
20000360  ti_sysbios_heaps_HeapMem_Instance_State_0_buf__A                  
20000760  ti_sysbios_family_arm_m3_Hwi_dispatchTable                        
20000ac0  ti_sysbios_knl_Task_Instance_State_0_stack__A                     
20000cc0  UltrasonicTaskStack                                               
20000ec0  __CIOBUF_                                                         
20001070  xdc_runtime_SysMin_Module_State_0_outbuf__A                       
200010f0  UltrasonicTaskStruct                                              
20001140  Measure_sem                                                       
2000115c  parmbuf                                                           
20001164  Measure_sem_Handle                                                
20001170  ti_sysbios_family_arm_lm4_Timer_Object__table__V                  
20001230  ti_sysbios_knl_Swi_Module_State_0_readyQ__A                       
200012b0  ti_sysbios_knl_Task_Module_State_0_readyQ__A                      
20001330  ti_sysbios_knl_Task_Object__table__V                              
2000137c  ti_sysbios_knl_Task_Module__state__V                              
200013c0  ti_sysbios_gates_GateMutex_Object__table__V                       
200013f8  ti_sysbios_family_arm_m3_Hwi_Module__state__V                     
2000142c  ti_sysbios_family_arm_lm4_Timer_Module_State_0_device__A          
2000145c  ti_sysbios_family_arm_m3_Hwi_Object__table__V                     
2000148c  ti_sysbios_knl_Swi_Object__table__V                               
200014bc  ti_sysbios_knl_Clock_Module__state__V                             
200014e8  ti_sysbios_BIOS_Module__state__V                                  
2000150c  Echo_Pin                                                          
20001510  i                                                                 
20001514  Num_Ultrasonics                                                   
20001518  distance                                                          
20001520  microS                                                            
20001528  CountPeriod                                                       
2000152c  EchoCount                                                         
20001530  TaskFlag                                                          
20001531  once                                                              
20001532  ti_sysbios_family_arm_m3_Hwi_Module_State_0_excActive__A          
20001534  ti_sysbios_knl_Swi_Module__state__V                               
20001550  gpioPinConfigs                                                    
20001568  ti_sysbios_family_arm_lm4_Timer_Module_State_0_handles__A         
20001580  ti_sysbios_heaps_HeapMem_Object__table__V                         
20001598  __TI_cleanup_ptr                                                  
2000159c  __TI_dtors_ptr                                                    
200015a0  __TI_enable_exit_profile_output                                   
200015a4  ti_sysbios_family_arm_lm4_Timer_Module__state__V                  
200015b0  xdc_runtime_SysMin_Module__state__V                               
200015bc  _lock                                                             
200015c0  _unlock                                                           
200015c4  gpioCallbackFunctions                                             
200015cc  ti_sysbios_family_arm_m3_Hwi_Module__root__V                      
200015d4  ti_sysbios_gates_GateHwi_Module__root__V                          
200015dc  ti_sysbios_gates_GateMutex_Module__root__V                        
200015e4  ti_sysbios_heaps_HeapMem_Module__root__V                          
200015ec  ti_sysbios_knl_Queue_Module__root__V                              
200015f4  ti_sysbios_knl_Semaphore_Module__root__V                          
200015fc  ti_sysbios_knl_Task_Module__root__V                               
20001604  xdc_runtime_Registry_Module__state__V                             
2000160c  xdc_runtime_Startup_Module__state__V                              
20001614  xdc_runtime_System_Module_State_0_atexitHandlers__A               
2000161c  xdc_runtime_System_Module__state__V                               
2000162a  xdc_runtime_Error_Module__state__V                                
2000162c  Trigger_Pin                                                       
20001630  echo                                                              
20001634  main_func_sp                                                      
20001638  ti_sysbios_family_arm_m3_Hwi_Module_State_0_excContext__A         
2000163c  ti_sysbios_family_arm_m3_Hwi_Module_State_0_excStack__A           
20001640  ti_sysbios_gates_GateHwi_Object__table__V                         
20001644  ti_sysbios_knl_Task_Module_State_0_idleTask__A                    
20001648  trigger                                                           
2000164c  xdc_runtime_Memory_Module__state__V                               
20001650  __stack                                                           
20001950  __STACK_END                                                       
e000e000  ti_sysbios_family_arm_m3_Hwi_nvic                                 
ffffffff  __TI_pprof_out_hndl                                               
ffffffff  __TI_prof_data_size                                               
ffffffff  __TI_prof_data_start                                              
ffffffff  __binit__                                                         
ffffffff  __c_args__                                                        
ffffffff  binit                                                             
UNDEFED   SHT$$INIT_ARRAY$$Base                                             
UNDEFED   SHT$$INIT_ARRAY$$Limit                                            

[579 symbols]
