******************************************************************************
                  TI ARM Linker PC v16.9.6                     
******************************************************************************
>> Linked Thu Mar 08 12:19:21 2018

OUTPUT FILE NAME:   <empty_EK_TM4C123GXL_TI.out>
ENTRY POINT SYMBOL: "_c_int00"  address: 00004061


MEMORY CONFIGURATION

         name            origin    length      used     unused   attr    fill
----------------------  --------  ---------  --------  --------  ----  --------
  FLASH                 00000000   00040000  00007b69  00038497  R  X
  SRAM                  20000000   00008000  0000193c  000066c4  RW X


SEGMENT ALLOCATION MAP

run origin  load origin   length   init length attrs members
----------  ----------- ---------- ----------- ----- -------
00000000    00000000    00007b70   00007b70    r-x
  00000000    00000000    0000003c   0000003c    r-- .resetVecs
  00000040    00000040    00005a4a   00005a4a    r-x .text
  00005a8c    00005a8c    00001eb3   00001eb3    r-- .const
  00007940    00007940    00000230   00000230    r-- .cinit
20000000    20000000    00001940   00000000    rw-
  20000000    20000000    00000360   00000000    rw- .vecs
  20000360    20000360    00000e0c   00000000    rw- .bss
  20001170    20001170    000004d0   00000000    rw- .data
  20001640    20001640    00000300   00000000    rw- .stack


SECTION ALLOCATION MAP

 output                                  attributes/
section   page    origin      length       input sections
--------  ----  ----------  ----------   ----------------
.text      0    00000040    00005a4a     
                  00000040    00000430     sysbios.aem4f : BIOS.obj (.text:ti_sysbios_family_arm_m3_Hwi_excDumpRegs__I)
                  00000470    0000034c     ti.targets.arm.rtsarm.aem4f : System.oem4f (.text:xdc_runtime_System_doPrint__I)
                  000007bc    00000004     empty_pem4f.oem4f (.text:ti_sysbios_BIOS_RtsGateProxy_enter__E)
                  000007c0    000002c8     sysbios.aem4f : BIOS.obj (.text:ti_sysbios_knl_Semaphore_pend__E)
                  00000a88    00000258                   : BIOS.obj (.text:ti_sysbios_heaps_HeapMem_free__E)
                  00000ce0    00000248                   : BIOS.obj (.text:ti_sysbios_heaps_HeapMem_alloc__E)
                  00000f28    00000224                   : BIOS.obj (.text:ti_sysbios_knl_Task_Instance_finalize__E)
                  0000114c    00000004     empty_pem4f.oem4f (.text:ti_sysbios_BIOS_RtsGateProxy_leave__E)
                  00001150    000001fc     sysbios.aem4f : BIOS.obj (.text:ti_sysbios_family_arm_m3_Hwi_excHandlerMax__I)
                  0000134c    000001f4     rtsv7M4_T_le_v4SPD16_eabi.lib : ull_div_t2.obj (.text)
                  00001540    000001f0     sysbios.aem4f : BIOS.obj (.text:ti_sysbios_knl_Task_sleep__E)
                  00001730    000001c0                   : BIOS.obj (.text:ti_sysbios_knl_Task_Instance_init__E)
                  000018f0    00000174                   : BIOS.obj (.text:ti_sysbios_family_arm_m3_Hwi_excBusFault__I)
                  00001a64    00000004                   : BIOS.obj (.text:ti_sysbios_family_arm_lm4_Timer_masterEnable__I)
                  00001a68    00000164                   : BIOS.obj (.text:ti_sysbios_family_arm_m3_Hwi_excUsageFault__I)
                  00001bcc    00000150     drivers_tivaware.aem4f : GPIOTiva.oem4f (.text:GPIO_setConfig)
                  00001d1c    00000004     empty_pem4f.oem4f (.text:ti_sysbios_family_arm_m3_TaskSupport_Module__startupDone__S)
                  00001d20    00000148     sysbios.aem4f : BIOS.obj (.text:ti_sysbios_family_arm_lm4_Timer_start__E)
                  00001e68    00000148                   : BIOS.obj (.text:ti_sysbios_family_arm_m3_Hwi_excMemFault__I)
                  00001fb0    0000013c                   : BIOS.obj (.text:ti_sysbios_heaps_HeapMem_Instance_init__E)
                  000020ec    00000136     rtsv7M4_T_le_v4SPD16_eabi.lib : fd_div_t2.obj (.text)
                  00002222    00000130     driverlib.lib : gpio.obj (.text:GPIOPadConfigSet)
                  00002352    00000002     rtsv7M4_T_le_v4SPD16_eabi.lib : i_div0.obj (.text)
                  00002354    00000118     ti.targets.arm.rtsarm.aem4f : Error.oem4f (.text:xdc_runtime_Error_policyDefault__E)
                  0000246c    00000100     Boot.aem4f : Boot_sysctl.oem4f (.text:ti_catalog_arm_cortexm4_tiva_ce_Boot_sysCtlClockSetI__I)
                  0000256c    00000100     ti.targets.arm.rtsarm.aem4f : Core-mem.oem4f (.text:xdc_runtime_Core_createObject__I)
                  0000266c    000000f8                                 : Startup.oem4f (.text:xdc_runtime_Startup_startMods__I)
                  00002764    000000f8     empty_pem4f.oem4f (.text:xdc_runtime_System_printfExtend__I)
                  0000285c    000000f4     sysbios.aem4f : m3_Hwi_asm.obj (.text:ti_sysbios_family_arm_m3_Hwi_dispatch__I)
                  00002950    000000ec                   : BIOS.obj (.text:ti_sysbios_knl_Semaphore_post__E)
                  00002a3c    000000cc     HC_SR04.obj (.text:HCSR04Task)
                  00002b08    000000cc     ti.targets.arm.rtsarm.aem4f : Core-smem.oem4f (.text:xdc_runtime_Core_constructObject__I)
                  00002bd4    00000004     empty_pem4f.oem4f (.text:ti_sysbios_heaps_HeapMem_Module_GateProxy_enter__E)
                  00002bd8    000000bc     sysbios.aem4f : BIOS.obj (.text:ti_sysbios_family_arm_m3_Hwi_excDebugMon__I)
                  00002c94    00000004     empty_pem4f.oem4f (.text:ti_sysbios_heaps_HeapMem_Module_GateProxy_leave__E)
                  00002c98    000000bc     sysbios.aem4f : BIOS.obj (.text:ti_sysbios_family_arm_m3_Hwi_excHardFault__I)
                  00002d54    00000004     empty_pem4f.oem4f (.text:ti_sysbios_knl_Clock_TimerProxy_getMaxTicks__E)
                  00002d58    000000b4     sysbios.aem4f : BIOS.obj (.text:ti_sysbios_gates_GateMutex_enter__E)
                  00002e0c    00000004     empty_pem4f.oem4f (.text:ti_sysbios_knl_Queue_destruct)
                  00002e10    000000b4     sysbios.aem4f : BIOS.obj (.text:ti_sysbios_knl_Task_checkStacks__E)
                  00002ec4    000000ac     HC_SR04.obj (.text:Ultrasonic_init)
                  00002f70    000000ac     sysbios.aem4f : BIOS.obj (.text:ti_sysbios_family_arm_lm4_Timer_enableTiva__I)
                  0000301c    00000004     empty_pem4f.oem4f (.text:ti_sysbios_knl_Semaphore_destruct)
                  00003020    000000a8     sysbios.aem4f : BIOS.obj (.text:ti_sysbios_family_arm_lm4_Timer_enableTimers__I)
                  000030c8    000000a8                   : BIOS.obj (.text:ti_sysbios_knl_Task_postInit__I)
                  00003170    000000a0     auto_init.aem4f : auto_init.oem4f (.text)
                  00003210    000000a0     ti.targets.arm.rtsarm.aem4f : Text.oem4f (.text:xdc_runtime_Text_putMod__E)
                  000032b0    0000009c     rtsv7M4_T_le_v4SPD16_eabi.lib : memcpy_t2.obj (.text)
                  0000334c    00000004     ti.targets.arm.rtsarm.aem4f : Error.oem4f (.text:xdc_runtime_Error_getSite__E)
                  00003350    0000009c     sysbios.aem4f : BIOS.obj (.text:ti_sysbios_knl_Semaphore_Instance_init__E)
                  000033ec    0000009a     ti.targets.arm.rtsarm.aem4f : Text.oem4f (.text:xdc_runtime_Text_putSite__E)
                  00003486    00000002     empty_pem4f.oem4f (.text:ti_sysbios_BIOS_nullFunc__I)
                  00003488    00000098     Boot.aem4f : Boot.oem4f (.text:ti_catalog_arm_cortexm4_tiva_ce_Boot_sysCtlClockSet__E)
                  00003520    00000094     sysbios.aem4f : BIOS.obj (.text:ti_sysbios_family_arm_m3_Hwi_Instance_init__E)
                  000035b4    00000004     empty_pem4f.oem4f (.text:xdc_runtime_System_Module_GateProxy_enter__E)
                  000035b8    00000094     sysbios.aem4f : BIOS.obj (.text:ti_sysbios_family_arm_m3_Hwi_initNVIC__E)
                  0000364c    0000008c     drivers_tivaware.aem4f : GPIOTiva.oem4f (.text:GPIO_init)
                  000036d8    0000008c     sysbios.aem4f : m3_TaskSupport_asm.obj (.text:ti_sysbios_family_arm_m3_TaskSupport_buildTaskStack)
                  00003764    00000004     empty_pem4f.oem4f (.text:xdc_runtime_System_Module_GateProxy_leave__E)
                  00003768    00000084     sysbios.aem4f : BIOS.obj (.text:ti_sysbios_family_arm_m3_Hwi_postInit__I)
                  000037ec    0000007a     rtsv7M4_T_le_v4SPD16_eabi.lib : memset_t2.obj (.text)
                  00003866    00000002     empty_pem4f.oem4f (.text:xdc_runtime_Startup_reset__I)
                  00003868    00000070     sysbios.aem4f : BIOS.obj (.text:ti_sysbios_knl_Clock_workFunc__E)
                  000038d8    00000070                   : BIOS.obj (.text:ti_sysbios_knl_Task_exit__E)
                  00003948    0000006d     ti.targets.arm.rtsarm.aem4f : System.oem4f (.text:xdc_runtime_System_formatNum__I)
                  000039b5    00000003     --HOLE-- [fill = 0]
                  000039b8    0000006c     sysbios.aem4f : BIOS.obj (.text:ti_sysbios_knl_Swi_restoreHwi__E)
                  00003a24    0000006c     ti.targets.arm.rtsarm.aem4f : Error.oem4f (.text:xdc_runtime_Error_print__E)
                  00003a90    0000006c                                 : Memory.oem4f (.text:xdc_runtime_Memory_alloc__E)
                  00003afc    00000068     rtsv7M4_T_le_v4SPD16_eabi.lib : copy_decompress_lzss.obj (.text:decompress:lzss)
                  00003b64    00000068                                   : trgmsg.obj (.text)
                  00003bcc    00000066     ti.targets.arm.rtsarm.aem4f : Core-mem.oem4f (.text:xdc_runtime_Core_deleteObject__I)
                  00003c32    00000002     --HOLE-- [fill = 0]
                  00003c34    00000064     drivers_tivaware.aem4f : GPIOTiva.oem4f (.text:GPIO_hwiIntFxn)
                  00003c98    00000064     sysbios.aem4f : BIOS.obj (.text:ti_sysbios_family_arm_lm4_Timer_Module_startup__E)
                  00003cfc    00000064     empty_pem4f.oem4f (.text:ti_sysbios_family_arm_m3_Hwi_create)
                  00003d60    00000064     sysbios.aem4f : BIOS.obj (.text:ti_sysbios_family_arm_m3_Hwi_dispatchC__I)
                  00003dc4    00000004     ti.targets.arm.rtsarm.aem4f : System.oem4f (.text:xdc_runtime_System_aprintf_va__F)
                  00003dc8    00000060     sysbios.aem4f : BIOS.obj (.text:ti_sysbios_family_arm_lm4_Timer_isrStub__E)
                  00003e28    00000060                   : BIOS.obj (.text:ti_sysbios_knl_Task_schedule__I)
                  00003e88    0000005c                   : BIOS.obj (.text:ti_sysbios_knl_Swi_run__I)
                  00003ee4    00000004     ti.targets.arm.rtsarm.aem4f : System.oem4f (.text:xdc_runtime_System_printf_va__F)
                  00003ee8    0000005c     sysbios.aem4f : BIOS.obj (.text:ti_sysbios_knl_Swi_schedule__I)
                  00003f44    00000004     --HOLE-- [fill = 0]
                  00003f48    0000005c                   : BIOS.obj (.text:ti_sysbios_knl_Task_Module_startup__E)
                  00003fa4    00000004     --HOLE-- [fill = 0]
                  00003fa8    0000005c                   : BIOS.obj (.text:ti_sysbios_knl_Task_startCore__E)
                  00004004    0000005b     ti.targets.arm.rtsarm.aem4f : Text.oem4f (.text:xdc_runtime_Text_putLab__E)
                  0000405f    00000001     --HOLE-- [fill = 0]
                  00004060    00000058     boot.aem4f : boot.oem4f (.text)
                  000040b8    00000058     rtsv7M4_T_le_v4SPD16_eabi.lib : hostwrite.obj (.text)
                  00004110    00000058     sysbios.aem4f : m3_Hwi_asm_switch.obj (.text:ti_sysbios_family_arm_m3_Hwi_initStacks__E)
                  00004168    00000056     driverlib.lib : gpio.obj (.text:GPIOIntTypeSet)
                  000041be    00000002     --HOLE-- [fill = 0]
                  000041c0    00000054     HC_SR04.obj (.text:EchoEvent)
                  00004214    00000054     rtsv7M4_T_le_v4SPD16_eabi.lib : exit.obj (.text)
                  00004268    00000054     empty_pem4f.oem4f (.text:ti_sysbios_knl_Task_construct)
                  000042bc    00000054     ti.targets.arm.rtsarm.aem4f : Assert.oem4f (.text:xdc_runtime_Assert_raise__I)
                  00004310    00000050     drivers_tivaware.aem4f : GPIOTiva.oem4f (.text:GPIO_setCallback)
                  00004360    00000050                            : GPIOTiva.oem4f (.text:GPIO_write)
                  000043b0    00000050     sysbios.aem4f : BIOS.obj (.text:ti_sysbios_family_arm_m3_Hwi_Module_startup__E)
                  00004400    00000050     ti.targets.arm.rtsarm.aem4f : Startup.oem4f (.text:xdc_runtime_Startup_exec__E)
                  00004450    00000050                                 : Text.oem4f (.text:xdc_runtime_Text_visitRope2__I)
                  000044a0    0000004c     rtsv7M4_T_le_v4SPD16_eabi.lib : cpy_tbl.obj (.text)
                  000044ec    00000004     --HOLE-- [fill = 0]
                  000044f0    0000004c     sysbios.aem4f : BIOS.obj (.text:ti_sysbios_heaps_HeapMem_getStats__E)
                  0000453c    00000004     --HOLE-- [fill = 0]
                  00004540    0000004c                   : BIOS.obj (.text:ti_sysbios_knl_Swi_runLoop__I)
                  0000458c    00000004     --HOLE-- [fill = 0]
                  00004590    0000004c                   : BIOS.obj (.text:ti_sysbios_knl_Task_allBlockedFunction__I)
                  000045dc    00000004     --HOLE-- [fill = 0]
                  000045e0    00000048                   : BIOS.obj (.text:ti_sysbios_family_arm_m3_Hwi_disableInterrupt__E)
                  00004628    00000048                   : BIOS.obj (.text:ti_sysbios_family_arm_m3_Hwi_enableInterrupt__E)
                  00004670    00000048                   : BIOS.obj (.text:ti_sysbios_family_arm_m3_Hwi_excReserved__I)
                  000046b8    00000046     ti.targets.arm.rtsarm.aem4f : Core-params.oem4f (.text:xdc_runtime_Core_assignParams__I)
                  000046fe    00000044     rtsv7M4_T_le_v4SPD16_eabi.lib : fd_tou_t2.obj (.text)
                  00004742    00000006     driverlib.lib : gpio.obj (.text:GPIOIntClear)
                  00004748    00000044     sysbios.aem4f : BIOS.obj (.text:ti_sysbios_family_arm_lm4_Timer_stop__E)
                  0000478c    00000004     --HOLE-- [fill = 0]
                  00004790    00000044                   : BIOS.obj (.text:ti_sysbios_family_arm_m3_Hwi_getStackInfo__E)
                  000047d4    00000004     --HOLE-- [fill = 0]
                  000047d8    00000044                   : BIOS.obj (.text:ti_sysbios_knl_Swi_post__E)
                  0000481c    00000044     ti.targets.arm.rtsarm.aem4f : Error.oem4f (.text:xdc_runtime_Error_setX__E)
                  00004860    00000044                                 : SysMin.oem4f (.text:xdc_runtime_SysMin_flush__E)
                  000048a4    00000044                                 : Text.oem4f (.text:xdc_runtime_Text_xprintf__I)
                  000048e8    00000040     EK_TM4C123GXL.obj (.text:EK_TM4C123GXL_initGeneral)
                  00004928    00000040     rtsv7M4_T_le_v4SPD16_eabi.lib : u_divt2.obj (.text)
                  00004968    00000040     sysbios.aem4f : BIOS.obj (.text:ti_sysbios_family_arm_lm4_Timer_startup__E)
                  000049a8    0000003e     empty.obj (.text:main)
                  000049e6    00000002     --HOLE-- [fill = 0]
                  000049e8    0000003c     sysbios.aem4f : BIOS.obj (.text:ti_sysbios_family_arm_m3_Hwi_excSvCall__I)
                  00004a24    00000004     --HOLE-- [fill = 0]
                  00004a28    0000003c                   : BIOS.obj (.text:ti_sysbios_heaps_HeapMem_init__I)
                  00004a64    00000004     --HOLE-- [fill = 0]
                  00004a68    0000003c                   : BIOS.obj (.text:ti_sysbios_knl_Swi_restore__E)
                  00004aa4    00000004     --HOLE-- [fill = 0]
                  00004aa8    00000038                   : BIOS.obj (.text:ti_sysbios_family_arm_m3_Hwi_excNoIsr__I)
                  00004ae0    00000038                   : BIOS.obj (.text:ti_sysbios_knl_Task_processVitalTaskFlag__I)
                  00004b18    00000038     ti.targets.arm.rtsarm.aem4f : SysMin.oem4f (.text:xdc_runtime_SysMin_putch__E)
                  00004b50    00000038                                 : System.oem4f (.text:xdc_runtime_System_atexit__E)
                  00004b88    00000034     driverlib.lib : sysctl.obj (.text:SysCtlPeripheralEnable)
                  00004bbc    00000004     --HOLE-- [fill = 0]
                  00004bc0    00000034     sysbios.aem4f : BIOS.obj (.text:ti_sysbios_family_arm_lm4_Timer_setPeriodMicroSecs__E)
                  00004bf4    00000004     --HOLE-- [fill = 0]
                  00004bf8    00000034                   : BIOS.obj (.text:ti_sysbios_family_arm_m3_Hwi_Instance_finalize__E)
                  00004c2c    00000004     --HOLE-- [fill = 0]
                  00004c30    00000034                   : BIOS.obj (.text:ti_sysbios_family_arm_m3_Hwi_excNmi__I)
                  00004c64    00000004     --HOLE-- [fill = 0]
                  00004c68    00000034                   : BIOS.obj (.text:ti_sysbios_hal_Hwi_checkStack)
                  00004c9c    00000034     ti.targets.arm.rtsarm.aem4f : Core-label.oem4f (.text:xdc_runtime_Core_assignLabel__I)
                  00004cd0    00000033                                 : Text.oem4f (.text:xdc_runtime_Text_printVisFxn__I)
                  00004d03    00000005     --HOLE-- [fill = 0]
                  00004d08    00000032     sysbios.aem4f : BIOS.obj (.text:ti_sysbios_hal_Hwi_initStack)
                  00004d3a    00000002     --HOLE-- [fill = 0]
                  00004d3c    00000030     EK_TM4C123GXL.obj (.text:EK_TM4C123GXL_initGPIO)
                  00004d6c    00000030     drivers_tivaware.aem4f : GPIOTiva.oem4f (.text:GPIO_enableInt)
                  00004d9c    00000030                            : GPIOTiva.oem4f (.text:GPIO_read)
                  00004dcc    00000030     empty_pem4f.oem4f (.text:ti_sysbios_BIOS_atExitFunc__I)
                  00004dfc    00000004     --HOLE-- [fill = 0]
                  00004e00    00000030     sysbios.aem4f : BIOS.obj (.text:ti_sysbios_family_arm_m3_TaskSupport_start__E)
                  00004e30    00000030     empty_pem4f.oem4f (.text:ti_sysbios_gates_GateHwi_Object__create__S)
                  00004e60    00000030     empty_pem4f.oem4f (.text:ti_sysbios_gates_GateMutex_Object__create__S)
                  00004e90    00000030     empty_pem4f.oem4f (.text:ti_sysbios_heaps_HeapMem_Object__create__S)
                  00004ec0    00000030     empty_pem4f.oem4f (.text:ti_sysbios_knl_Semaphore_construct)
                  00004ef0    00000030     sysbios.aem4f : BIOS.obj (.text:ti_sysbios_knl_Semaphore_pendTimeout__I)
                  00004f20    00000030                   : BIOS.obj (.text:ti_sysbios_knl_Task_unblockI__E)
                  00004f50    00000030     ti.targets.arm.rtsarm.aem4f : SysMin.oem4f (.text:xdc_runtime_SysMin_abort__E)
                  00004f80    00000030                                 : System.oem4f (.text:xdc_runtime_System_processAtExit__E)
                  00004fb0    0000002c     empty_pem4f.oem4f (.text:ti_sysbios_knl_Clock_doTick__I)
                  00004fdc    0000002c     empty_pem4f.oem4f (.text:ti_sysbios_knl_Queue_construct)
                  00005008    0000002c     sysbios.aem4f : BIOS.obj (.text:ti_sysbios_knl_Task_restore__E)
                  00005034    0000002c     ti.targets.arm.rtsarm.aem4f : Text.oem4f (.text:xdc_runtime_Text_cordText__E)
                  00005060    0000002a     driverlib.lib : gpio.obj (.text:GPIODirModeSet)
                  0000508a    0000002a     ti.targets.arm.rtsarm.aem4f : System.oem4f (.text:xdc_runtime_System_putchar__I)
                  000050b4    00000004     --HOLE-- [fill = 0]
                  000050b8    00000028     sysbios.aem4f : BIOS.obj (.text:ti_sysbios_knl_Swi_Module_startup__E)
                  000050e0    00000026                   : m3_Hwi_asm.obj (.text:ti_sysbios_family_arm_m3_Hwi_pendSV__I)
                  00005106    00000026     ti.targets.arm.rtsarm.aem4f : System.oem4f (.text:xdc_runtime_System_avprintf__E)
                  0000512c    00000024     empty_pem4f.oem4f (.text:ti_sysbios_BIOS_errorRaiseHook__I)
                  00005150    00000024     empty_pem4f.oem4f (.text:ti_sysbios_BIOS_registerRTSLock__I)
                  00005174    00000024     empty_pem4f.oem4f (.text:ti_sysbios_BIOS_removeRTSLock__I)
                  00005198    00000024     empty_pem4f.oem4f (.text:ti_sysbios_BIOS_startFunc__I)
                  000051bc    00000024     empty_pem4f.oem4f (.text:ti_sysbios_gates_GateMutex_Object__delete__S)
                  000051e0    00000024     sysbios.aem4f : BIOS.obj (.text:ti_sysbios_knl_Clock_Module_startup__E)
                  00005204    00000004     --HOLE-- [fill = 0]
                  00005208    00000024                   : BIOS.obj (.text:ti_sysbios_knl_Task_restoreHwi__E)
                  0000522c    00000024     ti.targets.arm.rtsarm.aem4f : System.oem4f (.text:xdc_runtime_System_vprintf__E)
                  00005250    00000022     sysbios.aem4f : BIOS.obj (.text:ti_sysbios_family_arm_lm4_Timer_write__I)
                  00005272    00000022     empty_pem4f.oem4f (.text:xdc_runtime_SysMin_output__I)
                  00005294    00000020     drivers_tivaware.aem4f : GPIOTiva.oem4f (.text:GPIO_clearInt)
                  000052b4    00000020     HC_SR04.obj (.text:TimerEvent)
                  000052d4    00000020     rtsv7M4_T_le_v4SPD16_eabi.lib : u_tofd_t2.obj (.text)
                  000052f4    00000020     empty_pem4f.oem4f (.text:ti_sysbios_BIOS_rtsLock__I)
                  00005314    00000020     sysbios.aem4f : m3_Hwi_asm.obj (.text:ti_sysbios_family_arm_m3_Hwi_excHandlerAsm__I)
                  00005334    00000004     --HOLE-- [fill = 0]
                  00005338    00000020                   : BIOS.obj (.text:ti_sysbios_family_arm_m3_Hwi_excHandler__I)
                  00005358    00000020     empty_pem4f.oem4f (.text:ti_sysbios_gates_GateHwi_Object__delete__S)
                  00005378    00000020     empty_pem4f.oem4f (.text:ti_sysbios_heaps_HeapMem_Object__delete__S)
                  00005398    00000020     sysbios.aem4f : BIOS.obj (.text:ti_sysbios_knl_Idle_run__E)
                  000053b8    00000020     empty_pem4f.oem4f (.text:ti_sysbios_knl_Semaphore_Object__destruct__S)
                  000053d8    00000020     ti.targets.arm.rtsarm.aem4f : Registry.oem4f (.text:xdc_runtime_Registry_findById__E)
                  000053f8    00000020                                 : SysMin.oem4f (.text:xdc_runtime_SysMin_Module_startup__E)
                  00005418    0000001e     sysbios.aem4f : m3_Hwi_asm_switch.obj (.text:ti_sysbios_family_xxx_Hwi_switchAndRunFunc)
                  00005436    0000001c     drivers_tivaware.aem4f : GPIOTiva.oem4f (.text:getGpioIntIndex)
                  00005452    00000006     driverlib.lib : gpio.obj (.text:GPIOPinRead)
                  00005458    0000001c     sysbios.aem4f : BIOS.obj (.text:ti_sysbios_gates_GateMutex_Instance_init__E)
                  00005474    0000001c     empty_pem4f.oem4f (.text:ti_sysbios_knl_Queue_Object__destruct__S)
                  00005490    0000001c     sysbios.aem4f : BIOS.obj (.text:ti_sysbios_knl_Task_enter__I)
                  000054ac    0000001c     ti.targets.arm.rtsarm.aem4f : Error.oem4f (.text:xdc_runtime_Error_raiseX__E)
                  000054c8    0000001c                                 : Memory.oem4f (.text:xdc_runtime_Memory_valloc__E)
                  000054e4    0000001c                                 : SysMin.oem4f (.text:xdc_runtime_SysMin_exit__E)
                  00005500    0000001c                                 : System.oem4f (.text:xdc_runtime_System_abort__E)
                  0000551c    0000001a     empty_pem4f.oem4f (.text:ti_sysbios_family_arm_m3_Hwi_Handle__label__S)
                  00005536    0000001a     empty_pem4f.oem4f (.text:ti_sysbios_gates_GateHwi_Handle__label__S)
                  00005550    0000001a     empty_pem4f.oem4f (.text:ti_sysbios_gates_GateMutex_Handle__label__S)
                  0000556a    0000001a     empty_pem4f.oem4f (.text:ti_sysbios_heaps_HeapMem_Handle__label__S)
                  00005584    0000001a     empty_pem4f.oem4f (.text:ti_sysbios_knl_Swi_Handle__label__S)
                  0000559e    0000001a     empty_pem4f.oem4f (.text:ti_sysbios_knl_Task_Handle__label__S)
                  000055b8    0000001a     empty_pem4f.oem4f (.text:xdc_runtime_System_aprintf__E)
                  000055d2    0000001a     empty_pem4f.oem4f (.text:xdc_runtime_System_printf__E)
                  000055ec    00000018     rtsv7M4_T_le_v4SPD16_eabi.lib : args_main.obj (.text)
                  00005604    00000018     empty_pem4f.oem4f (.text:ti_sysbios_BIOS_rtsUnlock__I)
                  0000561c    00000018     empty_pem4f.oem4f (.text:ti_sysbios_family_arm_lm4_Timer_Module__startupDone__F)
                  00005634    00000018     empty_pem4f.oem4f (.text:ti_sysbios_family_arm_m3_Hwi_Module__startupDone__F)
                  0000564c    00000018     sysbios.aem4f : m3_TaskSupport_asm.obj (.text:ti_sysbios_family_arm_m3_TaskSupport_swap__E)
                  00005664    00000004     --HOLE-- [fill = 0]
                  00005668    00000018                   : BIOS.obj (.text:ti_sysbios_gates_GateMutex_leave__E)
                  00005680    00000018                   : BIOS.obj (.text:ti_sysbios_knl_Task_sleepTimeout__I)
                  00005698    00000018     ti.targets.arm.rtsarm.aem4f : Error.oem4f (.text:xdc_runtime_Error_check__E)
                  000056b0    00000018                                 : System.oem4f (.text:xdc_runtime_System_exit__E)
                  000056c8    00000018                                 : Text.oem4f (.text:xdc_runtime_Text_ropeText__E)
                  000056e0    00000016     empty_pem4f.oem4f (.text:ti_sysbios_BIOS_exitFunc__I)
                  000056f6    00000016     HC_SR04.obj (.text:ti_sysbios_knl_Semaphore_Params_init)
                  0000570c    00000016     HC_SR04.obj (.text:ti_sysbios_knl_Task_Params_init)
                  00005722    00000002     --HOLE-- [fill = 0]
                  00005724    00000014     rtsv7M4_T_le_v4SPD16_eabi.lib : _lock.obj (.text)
                  00005738    00000014                                   : strlen.obj (.text)
                  0000574c    00000004     --HOLE-- [fill = 0]
                  00005750    00000014     sysbios.aem4f : BIOS.obj (.text:ti_sysbios_family_arm_lm4_Timer_getCount__E)
                  00005764    00000014     empty_pem4f.oem4f (.text:ti_sysbios_family_arm_m3_Hwi_Object__get__S)
                  00005778    00000014     sysbios.aem4f : BIOS.obj (.text:ti_sysbios_family_arm_m3_Hwi_switchFromBootStack__E)
                  0000578c    00000014     empty_pem4f.oem4f (.text:ti_sysbios_heaps_HeapMem_Object__get__S)
                  000057a0    00000014     empty_pem4f.oem4f (.text:ti_sysbios_knl_Swi_Object__get__S)
                  000057b4    00000012     driverlib.lib : gpio.obj (.text:GPIOPinTypeGPIOInput)
                  000057c6    00000002     --HOLE-- [fill = 0]
                  000057c8    00000012     sysbios.aem4f : BIOS.obj (.text:ti_sysbios_hal_Hwi_Module_startup__E)
                  000057da    00000006     driverlib.lib : gpio.obj (.text:GPIOPinWrite)
                  000057e0    00000012     sysbios.aem4f : BIOS.obj (.text:ti_sysbios_hal_Timer_Module_startup__E)
                  000057f2    00000012     empty_pem4f.oem4f (.text:xdc_runtime_Startup_exec__I)
                  00005804    00000004     --HOLE-- [fill = 0]
                  00005808    00000010     sysbios.aem4f : BIOS.obj (.text:ti_sysbios_BIOS_setThreadType__E)
                  00005818    00000010                   : BIOS.obj (.text:ti_sysbios_BIOS_start__E)
                  00005828    00000010                   : m3_TaskSupport_asm.obj (.text:ti_sysbios_family_arm_m3_TaskSupport_glue)
                  00005838    00000010                   : BIOS.obj (.text:ti_sysbios_gates_GateMutex_Instance_finalize__E)
                  00005848    00000010                   : BIOS.obj (.text:ti_sysbios_knl_Semaphore_Instance_finalize__E)
                  00005858    00000010                   : BIOS.obj (.text:ti_sysbios_knl_Swi_disable__E)
                  00005868    00000010     empty_pem4f.oem4f (.text:ti_sysbios_knl_Task_Object__get__S)
                  00005878    00000010     sysbios.aem4f : BIOS.obj (.text:ti_sysbios_knl_Task_disable__E)
                  00005888    00000010     ti.targets.arm.rtsarm.aem4f : Gate.oem4f (.text:xdc_runtime_Gate_leaveSystem__E)
                  00005898    00000010                                 : Memory.oem4f (.text:xdc_runtime_Memory_free__E)
                  000058a8    00000010                                 : SysMin.oem4f (.text:xdc_runtime_SysMin_ready__E)
                  000058b8    00000010                                 : System.oem4f (.text:xdc_runtime_System_vsnprintf__E)
                  000058c8    00000010     empty_pem4f.oem4f (.text:xdc_runtime_Text_visitRope__I)
                  000058d8    0000000e     driverlib.lib : gpio.obj (.text:GPIOIntStatus)
                  000058e6    0000000e     rtsv7M4_T_le_v4SPD16_eabi.lib : copy_decompress_none.obj (.text:decompress:none)
                  000058f4    00000004     --HOLE-- [fill = 0]
                  000058f8    0000000e     sysbios.aem4f : BIOS.obj (.text:ti_sysbios_knl_Idle_loop__E)
                  00005906    00000002     --HOLE-- [fill = 0]
                  00005908    0000000e                   : BIOS.obj (.text:ti_sysbios_knl_Queue_empty__E)
                  00005916    00000002     --HOLE-- [fill = 0]
                  00005918    0000000c     empty_pem4f.oem4f (.text:.bootCodeSection:ti_catalog_arm_cortexm4_tiva_ce_Boot_init__I)
                  00005924    0000000c     driverlib.lib : gpio.obj (.text:GPIOIntEnable)
                  00005930    0000000c     HC_SR04.obj (.text:Ultrasonic_Enable)
                  0000593c    0000000c     rtsv7M4_T_le_v4SPD16_eabi.lib : copy_zero_init.obj (.text:decompress:ZI)
                  00005948    0000000c     sysbios.aem4f : BIOS.obj (.text:ti_sysbios_family_arm_lm4_Timer_getMaxTicks__E)
                  00005954    0000000c     empty_pem4f.oem4f (.text:ti_sysbios_family_arm_m3_Hwi_Params__init__S)
                  00005960    0000000c     sysbios.aem4f : BIOS.obj (.text:ti_sysbios_family_arm_m3_Hwi_disableFxn__E)
                  0000596c    00000004     --HOLE-- [fill = 0]
                  00005970    0000000c                   : BIOS.obj (.text:ti_sysbios_family_arm_m3_TaskSupport_checkStack__E)
                  0000597c    00000004     --HOLE-- [fill = 0]
                  00005980    0000000c                   : BIOS.obj (.text:ti_sysbios_family_arm_m3_TaskSupport_getStackAlignment__E)
                  0000598c    00000004     --HOLE-- [fill = 0]
                  00005990    0000000c                   : BIOS.obj (.text:ti_sysbios_gates_GateHwi_enter__E)
                  0000599c    0000000c     empty_pem4f.oem4f (.text:ti_sysbios_knl_Queue_Object__get__S)
                  000059a8    0000000c     empty_pem4f.oem4f (.text:ti_sysbios_knl_Semaphore_Params__init__S)
                  000059b4    0000000c     HC_SR04.obj (.text:ti_sysbios_knl_Semaphore_handle)
                  000059c0    0000000c     empty_pem4f.oem4f (.text:ti_sysbios_knl_Task_Params__init__S)
                  000059cc    0000000c     ti.targets.arm.rtsarm.aem4f : Error.oem4f (.text:xdc_runtime_Error_init__E)
                  000059d8    0000000c                                 : Gate.oem4f (.text:xdc_runtime_Gate_enterSystem__E)
                  000059e4    0000000c                                 : Memory.oem4f (.text:xdc_runtime_Memory_calloc__E)
                  000059f0    0000000c                                 : Memory.oem4f (.text:xdc_runtime_Memory_getMaxDefaultTypeAlign__E)
                  000059fc    0000000a     empty_pem4f.oem4f (.text:xdc_runtime_IHeap_alloc)
                  00005a06    0000000a     empty_pem4f.oem4f (.text:xdc_runtime_IHeap_free)
                  00005a10    00000008     sysbios.aem4f : BIOS.obj (.text:ti_sysbios_family_arm_lm4_Timer_masterDisable__I)
                  00005a18    00000008                   : BIOS.obj (.text:ti_sysbios_family_arm_m3_Hwi_doSwiRestore__I)
                  00005a20    00000008                   : BIOS.obj (.text:ti_sysbios_family_arm_m3_Hwi_startup__E)
                  00005a28    00000006     Boot.aem4f : Boot_sysctl.oem4f (.text:ti_catalog_arm_cortexm4_tiva_ce_Boot_sysCtlDelayI__I)
                  00005a2e    00000002     --HOLE-- [fill = 0]
                  00005a30    00000006     sysbios.aem4f : BIOS.obj (.text:ti_sysbios_family_arm_m3_Hwi_doTaskRestore__I)
                  00005a36    00000002     --HOLE-- [fill = 0]
                  00005a38    00000006                   : BIOS.obj (.text:ti_sysbios_family_arm_m3_Hwi_restoreFxn__E)
                  00005a3e    00000002     --HOLE-- [fill = 0]
                  00005a40    00000006                   : BIOS.obj (.text:ti_sysbios_gates_GateHwi_leave__E)
                  00005a46    00000002     --HOLE-- [fill = 0]
                  00005a48    00000006                   : BIOS.obj (.text:ti_sysbios_heaps_HeapMem_isBlocking__E)
                  00005a4e    00000002     --HOLE-- [fill = 0]
                  00005a50    00000006                   : BIOS.obj (.text:ti_sysbios_knl_Queue_Instance_init__E)
                  00005a56    00000002     --HOLE-- [fill = 0]
                  00005a58    00000006                   : BIOS.obj (.text:ti_sysbios_knl_Swi_startup__E)
                  00005a5e    00000006     ti.targets.arm.rtsarm.aem4f : System.oem4f (.text:xdc_runtime_System_Module_startup__E)
                  00005a64    00000004     --HOLE-- [fill = 0]
                  00005a68    00000004     sysbios.aem4f : BIOS.obj (.text:ti_sysbios_gates_GateHwi_query__E)
                  00005a6c    00000004     --HOLE-- [fill = 0]
                  00005a70    00000004                   : BIOS.obj (.text:ti_sysbios_gates_GateMutex_query__E)
                  00005a74    00000004     --HOLE-- [fill = 0]
                  00005a78    00000004                   : BIOS.obj (.text:ti_sysbios_knl_Task_startup__E)
                  00005a7c    00000004     --HOLE-- [fill = 0]
                  00005a80    00000002                   : BIOS.obj (.text:ti_sysbios_gates_GateHwi_Instance_init__E)
                  00005a82    00000006     --HOLE-- [fill = 0]
                  00005a88    00000002                   : BIOS.obj (.text:ti_sysbios_knl_Clock_logTick__E)

.const     0    00005a8c    00001eb3     
                  00005a8c    00001878     empty_pem4f.oem4f (.const:xdc_runtime_Text_charTab__A)
                  00007304    000000c0     empty_pem4f.oem4f (.const:xdc_runtime_Text_nodeTab__A)
                  000073c4    00000054     drivers_tivaware.aem4f : GPIOTiva.oem4f (.const:.string)
                  00007418    00000048     empty_pem4f.oem4f (.const:.string)
                  00007460    00000048     drivers_tivaware.aem4f : GPIOTiva.oem4f (.const:gpioBaseAddresses)
                  000074a8    0000003c     empty_pem4f.oem4f (.const:ti_sysbios_knl_Task_Object__PARAMS__C)
                  000074e4    00000030     empty_pem4f.oem4f (.const:ti_sysbios_family_arm_m3_Hwi_Object__PARAMS__C)
                  00007514    00000028     empty_pem4f.oem4f (.const:ti_sysbios_heaps_HeapMem_Module__FXNS__C)
                  0000753c    00000024     empty_pem4f.oem4f (.const:ti_sysbios_gates_GateHwi_Module__FXNS__C)
                  00007560    00000024     empty_pem4f.oem4f (.const:ti_sysbios_gates_GateMutex_Module__FXNS__C)
                  00007584    00000024     empty_pem4f.oem4f (.const:ti_sysbios_heaps_HeapMem_Object__PARAMS__C)
                  000075a8    00000024     empty_pem4f.oem4f (.const:ti_sysbios_knl_Semaphore_Object__PARAMS__C)
                  000075cc    00000024     empty_pem4f.oem4f (.const:xdc_runtime_Startup_sfxnTab__A)
                  000075f0    00000020     empty_pem4f.oem4f (.const:ti_sysbios_family_arm_m3_Hwi_Object__DESC__C)
                  00007610    00000020     empty_pem4f.oem4f (.const:ti_sysbios_gates_GateHwi_Object__DESC__C)
                  00007630    00000020     empty_pem4f.oem4f (.const:ti_sysbios_gates_GateMutex_Object__DESC__C)
                  00007650    00000020     empty_pem4f.oem4f (.const:ti_sysbios_heaps_HeapMem_Object__DESC__C)
                  00007670    00000020     empty_pem4f.oem4f (.const:ti_sysbios_knl_Queue_Object__DESC__C)
                  00007690    00000020     empty_pem4f.oem4f (.const:ti_sysbios_knl_Semaphore_Object__DESC__C)
                  000076b0    00000020     empty_pem4f.oem4f (.const:ti_sysbios_knl_Task_Object__DESC__C)
                  000076d0    00000018     empty_pem4f.oem4f (.const:ti_sysbios_gates_GateHwi_Object__PARAMS__C)
                  000076e8    00000018     empty_pem4f.oem4f (.const:ti_sysbios_gates_GateMutex_Object__PARAMS__C)
                  00007700    00000018     empty_pem4f.oem4f (.const:ti_sysbios_knl_Queue_Object__PARAMS__C)
                  00007718    00000014     EK_TM4C123GXL.obj (.const:GPIOTiva_config)
                  0000772c    00000014     empty_pem4f.oem4f (.const:xdc_runtime_Startup_firstFxns__A)
                  00007740    00000012     empty_pem4f.oem4f (.const:xdc_runtime_Startup_sfxnRts__A)
                  00007752    00000002     empty_pem4f.oem4f (.const:ti_catalog_arm_cortexm4_tiva_ce_Boot_Module__id__C)
                  00007754    00000008     empty_pem4f.oem4f (.const)
                  0000775c    00000008     empty_pem4f.oem4f (.const:ti_sysbios_family_arm_m3_Hwi_excHookFuncs__A)
                  00007764    00000008     empty_pem4f.oem4f (.const:ti_sysbios_knl_Idle_funcList__C)
                  0000776c    00000008     empty_pem4f.oem4f (.const:xdc_runtime_Startup_firstFxns__C)
                  00007774    00000008     empty_pem4f.oem4f (.const:xdc_runtime_Startup_lastFxns__C)
                  0000777c    00000004     empty_pem4f.oem4f (.const:ti_catalog_arm_cortexm4_tiva_ce_Boot_A_mustUseEnhancedClockMode__C)
                  00007780    00000004     empty_pem4f.oem4f (.const:ti_catalog_arm_cortexm4_tiva_ce_Boot_Module__diagsEnabled__C)
                  00007784    00000004     empty_pem4f.oem4f (.const:ti_catalog_arm_cortexm4_tiva_ce_Boot_Module__diagsIncluded__C)
                  00007788    00000004     empty_pem4f.oem4f (.const:ti_catalog_arm_cortexm4_tiva_ce_Boot_Module__diagsMask__C)
                  0000778c    00000004     empty_pem4f.oem4f (.const:ti_sysbios_family_arm_lm4_Timer_enableFunc__C)
                  00007790    00000004     empty_pem4f.oem4f (.const:ti_sysbios_family_arm_lm4_Timer_numTimerDevices__C)
                  00007794    00000004     empty_pem4f.oem4f (.const:ti_sysbios_family_arm_lm4_Timer_startupNeeded__C)
                  00007798    00000004     empty_pem4f.oem4f (.const:ti_sysbios_family_arm_m3_Hwi_E_NMI__C)
                  0000779c    00000004     empty_pem4f.oem4f (.const:ti_sysbios_family_arm_m3_Hwi_E_alreadyDefined__C)
                  000077a0    00000004     empty_pem4f.oem4f (.const:ti_sysbios_family_arm_m3_Hwi_E_busFault__C)
                  000077a4    00000004     empty_pem4f.oem4f (.const:ti_sysbios_family_arm_m3_Hwi_E_debugMon__C)
                  000077a8    00000004     empty_pem4f.oem4f (.const:ti_sysbios_family_arm_m3_Hwi_E_hardFault__C)
                  000077ac    00000004     empty_pem4f.oem4f (.const:ti_sysbios_family_arm_m3_Hwi_E_memFault__C)
                  000077b0    00000004     empty_pem4f.oem4f (.const:ti_sysbios_family_arm_m3_Hwi_E_noIsr__C)
                  000077b4    00000004     empty_pem4f.oem4f (.const:ti_sysbios_family_arm_m3_Hwi_E_reserved__C)
                  000077b8    00000004     empty_pem4f.oem4f (.const:ti_sysbios_family_arm_m3_Hwi_E_svCall__C)
                  000077bc    00000004     empty_pem4f.oem4f (.const:ti_sysbios_family_arm_m3_Hwi_E_usageFault__C)
                  000077c0    00000004     empty_pem4f.oem4f (.const:ti_sysbios_family_arm_m3_Hwi_NUM_INTERRUPTS__C)
                  000077c4    00000004     empty_pem4f.oem4f (.const:ti_sysbios_family_arm_m3_Hwi_Object__count__C)
                  000077c8    00000004     empty_pem4f.oem4f (.const:ti_sysbios_family_arm_m3_Hwi_ccr__C)
                  000077cc    00000004     empty_pem4f.oem4f (.const:ti_sysbios_family_arm_m3_Hwi_excHandlerFunc__C)
                  000077d0    00000004     empty_pem4f.oem4f (.const:ti_sysbios_family_arm_m3_Hwi_excHookFuncs__C)
                  000077d4    00000004     empty_pem4f.oem4f (.const:ti_sysbios_family_arm_m3_Hwi_nullIsrFunc__C)
                  000077d8    00000004     empty_pem4f.oem4f (.const:ti_sysbios_family_arm_m3_Hwi_priGroup__C)
                  000077dc    00000004     empty_pem4f.oem4f (.const:ti_sysbios_family_arm_m3_TaskSupport_stackAlignment__C)
                  000077e0    00000004     empty_pem4f.oem4f (.const:ti_sysbios_gates_GateMutex_A_badContext__C)
                  000077e4    00000004     empty_pem4f.oem4f (.const:ti_sysbios_gates_GateMutex_Instance_State_sem__O)
                  000077e8    00000004     empty_pem4f.oem4f (.const:ti_sysbios_gates_GateMutex_Module__diagsEnabled__C)
                  000077ec    00000004     empty_pem4f.oem4f (.const:ti_sysbios_gates_GateMutex_Module__diagsIncluded__C)
                  000077f0    00000004     empty_pem4f.oem4f (.const:ti_sysbios_gates_GateMutex_Module__diagsMask__C)
                  000077f4    00000004     empty_pem4f.oem4f (.const:ti_sysbios_hal_Hwi_E_stackOverflow__C)
                  000077f8    00000004     empty_pem4f.oem4f (.const:ti_sysbios_heaps_HeapMem_A_align__C)
                  000077fc    00000004     empty_pem4f.oem4f (.const:ti_sysbios_heaps_HeapMem_A_heapSize__C)
                  00007800    00000004     empty_pem4f.oem4f (.const:ti_sysbios_heaps_HeapMem_A_invalidFree__C)
                  00007804    00000004     empty_pem4f.oem4f (.const:ti_sysbios_heaps_HeapMem_A_zeroBlock__C)
                  00007808    00000004     empty_pem4f.oem4f (.const:ti_sysbios_heaps_HeapMem_E_memory__C)
                  0000780c    00000004     empty_pem4f.oem4f (.const:ti_sysbios_heaps_HeapMem_Module__diagsEnabled__C)
                  00007810    00000004     empty_pem4f.oem4f (.const:ti_sysbios_heaps_HeapMem_Module__diagsIncluded__C)
                  00007814    00000004     empty_pem4f.oem4f (.const:ti_sysbios_heaps_HeapMem_Module__diagsMask__C)
                  00007818    00000004     empty_pem4f.oem4f (.const:ti_sysbios_heaps_HeapMem_Module__gateObj__C)
                  0000781c    00000004     empty_pem4f.oem4f (.const:ti_sysbios_heaps_HeapMem_Object__count__C)
                  00007820    00000004     empty_pem4f.oem4f (.const:ti_sysbios_heaps_HeapMem_reqAlign__C)
                  00007824    00000004     empty_pem4f.oem4f (.const:ti_sysbios_knl_Clock_Module_State_clockQ__O)
                  00007828    00000004     empty_pem4f.oem4f (.const:ti_sysbios_knl_Idle_funcList__A)
                  0000782c    00000004     empty_pem4f.oem4f (.const:ti_sysbios_knl_Semaphore_A_badContext__C)
                  00007830    00000004     empty_pem4f.oem4f (.const:ti_sysbios_knl_Semaphore_A_noEvents__C)
                  00007834    00000004     empty_pem4f.oem4f (.const:ti_sysbios_knl_Semaphore_A_overflow__C)
                  00007838    00000004     empty_pem4f.oem4f (.const:ti_sysbios_knl_Semaphore_A_pendTaskDisabled__C)
                  0000783c    00000004     empty_pem4f.oem4f (.const:ti_sysbios_knl_Semaphore_Instance_State_pendQ__O)
                  00007840    00000004     empty_pem4f.oem4f (.const:ti_sysbios_knl_Semaphore_Module__diagsEnabled__C)
                  00007844    00000004     empty_pem4f.oem4f (.const:ti_sysbios_knl_Semaphore_Module__diagsIncluded__C)
                  00007848    00000004     empty_pem4f.oem4f (.const:ti_sysbios_knl_Semaphore_Module__diagsMask__C)
                  0000784c    00000004     empty_pem4f.oem4f (.const:ti_sysbios_knl_Swi_Object__count__C)
                  00007850    00000004     empty_pem4f.oem4f (.const:ti_sysbios_knl_Task_A_badPriority__C)
                  00007854    00000004     empty_pem4f.oem4f (.const:ti_sysbios_knl_Task_A_badTaskState__C)
                  00007858    00000004     empty_pem4f.oem4f (.const:ti_sysbios_knl_Task_A_badThreadType__C)
                  0000785c    00000004     empty_pem4f.oem4f (.const:ti_sysbios_knl_Task_A_badTimeout__C)
                  00007860    00000004     empty_pem4f.oem4f (.const:ti_sysbios_knl_Task_A_noPendElem__C)
                  00007864    00000004     empty_pem4f.oem4f (.const:ti_sysbios_knl_Task_A_sleepTaskDisabled__C)
                  00007868    00000004     empty_pem4f.oem4f (.const:ti_sysbios_knl_Task_E_spOutOfBounds__C)
                  0000786c    00000004     empty_pem4f.oem4f (.const:ti_sysbios_knl_Task_E_stackOverflow__C)
                  00007870    00000004     empty_pem4f.oem4f (.const:ti_sysbios_knl_Task_Module_State_inactiveQ__O)
                  00007874    00000004     empty_pem4f.oem4f (.const:ti_sysbios_knl_Task_Module__diagsEnabled__C)
                  00007878    00000004     empty_pem4f.oem4f (.const:ti_sysbios_knl_Task_Module__diagsIncluded__C)
                  0000787c    00000004     empty_pem4f.oem4f (.const:ti_sysbios_knl_Task_Module__diagsMask__C)
                  00007880    00000004     empty_pem4f.oem4f (.const:ti_sysbios_knl_Task_Object__count__C)
                  00007884    00000004     empty_pem4f.oem4f (.const:ti_sysbios_knl_Task_allBlockedFunc__C)
                  00007888    00000004     empty_pem4f.oem4f (.const:ti_sysbios_knl_Task_defaultStackHeap__C)
                  0000788c    00000004     empty_pem4f.oem4f (.const:ti_sysbios_knl_Task_defaultStackSize__C)
                  00007890    00000004     empty_pem4f.oem4f (.const:ti_sysbios_knl_Task_numConstructedTasks__C)
                  00007894    00000004     empty_pem4f.oem4f (.const:xdc_runtime_Assert_E_assertFailed__C)
                  00007898    00000004     empty_pem4f.oem4f (.const:xdc_runtime_Core_A_initializedParams__C)
                  0000789c    00000004     empty_pem4f.oem4f (.const:xdc_runtime_Core_Module__diagsEnabled__C)
                  000078a0    00000004     empty_pem4f.oem4f (.const:xdc_runtime_Core_Module__diagsIncluded__C)
                  000078a4    00000004     empty_pem4f.oem4f (.const:xdc_runtime_Core_Module__diagsMask__C)
                  000078a8    00000004     empty_pem4f.oem4f (.const:xdc_runtime_Error_E_memory__C)
                  000078ac    00000004     empty_pem4f.oem4f (.const:xdc_runtime_Error_Module__diagsEnabled__C)
                  000078b0    00000004     empty_pem4f.oem4f (.const:xdc_runtime_Error_Module__diagsIncluded__C)
                  000078b4    00000004     empty_pem4f.oem4f (.const:xdc_runtime_Error_Module__diagsMask__C)
                  000078b8    00000004     empty_pem4f.oem4f (.const:xdc_runtime_Error_Module__loggerFxn8__C)
                  000078bc    00000004     empty_pem4f.oem4f (.const:xdc_runtime_Error_Module__loggerObj__C)
                  000078c0    00000004     empty_pem4f.oem4f (.const:xdc_runtime_Error_policyFxn__C)
                  000078c4    00000004     empty_pem4f.oem4f (.const:xdc_runtime_Error_raiseHook__C)
                  000078c8    00000004     empty_pem4f.oem4f (.const:xdc_runtime_IGateProvider_Interface__BASE__C)
                  000078cc    00000004     empty_pem4f.oem4f (.const:xdc_runtime_IHeap_Interface__BASE__C)
                  000078d0    00000004     empty_pem4f.oem4f (.const:xdc_runtime_IModule_Interface__BASE__C)
                  000078d4    00000004     empty_pem4f.oem4f (.const:xdc_runtime_Log_L_error__C)
                  000078d8    00000004     empty_pem4f.oem4f (.const:xdc_runtime_Memory_defaultHeapInstance__C)
                  000078dc    00000004     empty_pem4f.oem4f (.const:xdc_runtime_Startup_execImpl__C)
                  000078e0    00000004     empty_pem4f.oem4f (.const:xdc_runtime_Startup_maxPasses__C)
                  000078e4    00000004     empty_pem4f.oem4f (.const:xdc_runtime_Startup_sfxnRts__C)
                  000078e8    00000004     empty_pem4f.oem4f (.const:xdc_runtime_Startup_sfxnTab__C)
                  000078ec    00000004     empty_pem4f.oem4f (.const:xdc_runtime_SysMin_bufSize__C)
                  000078f0    00000004     empty_pem4f.oem4f (.const:xdc_runtime_SysMin_outputFunc__C)
                  000078f4    00000004     empty_pem4f.oem4f (.const:xdc_runtime_System_Module__gateObj__C)
                  000078f8    00000004     empty_pem4f.oem4f (.const:xdc_runtime_System_abortFxn__C)
                  000078fc    00000004     empty_pem4f.oem4f (.const:xdc_runtime_System_exitFxn__C)
                  00007900    00000004     empty_pem4f.oem4f (.const:xdc_runtime_System_extendFxn__C)
                  00007904    00000004     empty_pem4f.oem4f (.const:xdc_runtime_System_maxAtexitHandlers__C)
                  00007908    00000004     empty_pem4f.oem4f (.const:xdc_runtime_Text_charTab__C)
                  0000790c    00000004     empty_pem4f.oem4f (.const:xdc_runtime_Text_nameEmpty__C)
                  00007910    00000004     empty_pem4f.oem4f (.const:xdc_runtime_Text_nameStatic__C)
                  00007914    00000004     empty_pem4f.oem4f (.const:xdc_runtime_Text_nameUnknown__C)
                  00007918    00000004     empty_pem4f.oem4f (.const:xdc_runtime_Text_nodeTab__C)
                  0000791c    00000004     empty_pem4f.oem4f (.const:xdc_runtime_Text_visitRopeFxn__C)
                  00007920    00000002     empty_pem4f.oem4f (.const:ti_sysbios_family_arm_m3_Hwi_Module__id__C)
                  00007922    00000002     empty_pem4f.oem4f (.const:ti_sysbios_gates_GateMutex_Module__id__C)
                  00007924    00000002     empty_pem4f.oem4f (.const:ti_sysbios_hal_Hwi_Module__id__C)
                  00007926    00000002     empty_pem4f.oem4f (.const:ti_sysbios_heaps_HeapMem_Module__id__C)
                  00007928    00000002     empty_pem4f.oem4f (.const:ti_sysbios_knl_Semaphore_Module__id__C)
                  0000792a    00000002     empty_pem4f.oem4f (.const:ti_sysbios_knl_Task_Module__id__C)
                  0000792c    00000002     empty_pem4f.oem4f (.const:xdc_runtime_Core_Module__id__C)
                  0000792e    00000002     empty_pem4f.oem4f (.const:xdc_runtime_Error_Module__loggerDefined__C)
                  00007930    00000002     empty_pem4f.oem4f (.const:xdc_runtime_Error_maxDepth__C)
                  00007932    00000002     empty_pem4f.oem4f (.const:xdc_runtime_Memory_Module__id__C)
                  00007934    00000002     empty_pem4f.oem4f (.const:xdc_runtime_SysMin_flushAtExit__C)
                  00007936    00000002     empty_pem4f.oem4f (.const:xdc_runtime_Text_charCnt__C)
                  00007938    00000002     empty_pem4f.oem4f (.const:xdc_runtime_Text_isLoaded__C)
                  0000793a    00000002     empty_pem4f.oem4f (.const:xdc_runtime_Text_registryModsLastId__C)
                  0000793c    00000002     empty_pem4f.oem4f (.const:xdc_runtime_Text_unnamedModsLastId__C)
                  0000793e    00000001     empty_pem4f.oem4f (.const:xdc_runtime_Error_policy__C)

.cinit     0    00007940    00000230     
                  00007940    000001fc     (.cinit..data.load) [load image, compression = lzss]
                  00007b3c    0000000c     (__TI_handler_table)
                  00007b48    00000008     (.cinit..bss.load) [load image, compression = zero_init]
                  00007b50    00000008     (.cinit..vecs.load) [load image, compression = zero_init]
                  00007b58    00000018     (__TI_cinit_table)

.init_array 
*          0    00000000    00000000     UNINITIALIZED

.resetVecs 
*          0    00000000    0000003c     
                  00000000    0000003c     empty_pem4f.oem4f (.resetVecs)

.vecs      0    20000000    00000360     UNINITIALIZED
                  20000000    00000360     empty_pem4f.oem4f (.vecs)

.bss       0    20000360    00000e0c     UNINITIALIZED
                  20000360    00000400     (.common:ti_sysbios_heaps_HeapMem_Instance_State_0_buf__A)
                  20000760    00000360     (.common:ti_sysbios_family_arm_m3_Hwi_dispatchTable)
                  20000ac0    00000200     empty_pem4f.oem4f (.bss:taskStackSection)
                  20000cc0    00000200     (.common:UltrasonicTaskStack)
                  20000ec0    00000120     rtsv7M4_T_le_v4SPD16_eabi.lib : trgmsg.obj (.bss:_CIOBUF_)
                  20000fe0    00000090     drivers_tivaware.aem4f : GPIOTiva.oem4f (.bss:gpioCallbackInfo)
                  20001070    00000080     (.common:xdc_runtime_SysMin_Module_State_0_outbuf__A)
                  200010f0    00000050     (.common:UltrasonicTaskStruct)
                  20001140    0000001c     (.common:Measure_sem)
                  2000115c    00000008     (.common:parmbuf)
                  20001164    00000004     (.common:Measure_sem_Handle)
                  20001168    00000004     (.common:gpioInterruptVectors)

.data      0    20001170    000004d0     UNINITIALIZED
                  20001170    000000c0     empty_pem4f.oem4f (.data:ti_sysbios_family_arm_lm4_Timer_Object__table__V)
                  20001230    00000080     empty_pem4f.oem4f (.data:ti_sysbios_knl_Swi_Module_State_0_readyQ__A)
                  200012b0    00000080     empty_pem4f.oem4f (.data:ti_sysbios_knl_Task_Module_State_0_readyQ__A)
                  20001330    0000004c     empty_pem4f.oem4f (.data:ti_sysbios_knl_Task_Object__table__V)
                  2000137c    00000044     empty_pem4f.oem4f (.data:ti_sysbios_knl_Task_Module__state__V)
                  200013c0    00000038     empty_pem4f.oem4f (.data:ti_sysbios_gates_GateMutex_Object__table__V)
                  200013f8    00000034     empty_pem4f.oem4f (.data:ti_sysbios_family_arm_m3_Hwi_Module__state__V)
                  2000142c    00000030     empty_pem4f.oem4f (.data:ti_sysbios_family_arm_lm4_Timer_Module_State_0_device__A)
                  2000145c    00000030     empty_pem4f.oem4f (.data:ti_sysbios_family_arm_m3_Hwi_Object__table__V)
                  2000148c    00000030     empty_pem4f.oem4f (.data:ti_sysbios_knl_Swi_Object__table__V)
                  200014bc    0000002c     empty_pem4f.oem4f (.data:ti_sysbios_knl_Clock_Module__state__V)
                  200014e8    00000024     empty_pem4f.oem4f (.data:ti_sysbios_BIOS_Module__state__V)
                  2000150c    00000004     rtsv7M4_T_le_v4SPD16_eabi.lib : stkdepth_vars.obj (.data)
                  20001510    00000022     HC_SR04.obj (.data)
                  20001532    00000002     empty_pem4f.oem4f (.data:ti_sysbios_family_arm_m3_Hwi_Module_State_0_excActive__A)
                  20001534    0000001c     empty_pem4f.oem4f (.data:ti_sysbios_knl_Swi_Module__state__V)
                  20001550    00000018     EK_TM4C123GXL.obj (.data:gpioPinConfigs)
                  20001568    00000018     empty_pem4f.oem4f (.data:ti_sysbios_family_arm_lm4_Timer_Module_State_0_handles__A)
                  20001580    00000018     empty_pem4f.oem4f (.data:ti_sysbios_heaps_HeapMem_Object__table__V)
                  20001598    0000000c     rtsv7M4_T_le_v4SPD16_eabi.lib : exit.obj (.data:$O1$$)
                  200015a4    0000000c     empty_pem4f.oem4f (.data:ti_sysbios_family_arm_lm4_Timer_Module__state__V)
                  200015b0    0000000c     empty_pem4f.oem4f (.data:xdc_runtime_SysMin_Module__state__V)
                  200015bc    00000008     rtsv7M4_T_le_v4SPD16_eabi.lib : _lock.obj (.data:$O1$$)
                  200015c4    00000008     EK_TM4C123GXL.obj (.data:gpioCallbackFunctions)
                  200015cc    00000008     empty_pem4f.oem4f (.data:ti_sysbios_family_arm_m3_Hwi_Module__root__V)
                  200015d4    00000008     empty_pem4f.oem4f (.data:ti_sysbios_gates_GateHwi_Module__root__V)
                  200015dc    00000008     empty_pem4f.oem4f (.data:ti_sysbios_gates_GateMutex_Module__root__V)
                  200015e4    00000008     empty_pem4f.oem4f (.data:ti_sysbios_heaps_HeapMem_Module__root__V)
                  200015ec    00000008     empty_pem4f.oem4f (.data:ti_sysbios_knl_Queue_Module__root__V)
                  200015f4    00000008     empty_pem4f.oem4f (.data:ti_sysbios_knl_Semaphore_Module__root__V)
                  200015fc    00000008     empty_pem4f.oem4f (.data:ti_sysbios_knl_Task_Module__root__V)
                  20001604    00000008     empty_pem4f.oem4f (.data:xdc_runtime_Registry_Module__state__V)
                  2000160c    00000008     empty_pem4f.oem4f (.data:xdc_runtime_Startup_Module__state__V)
                  20001614    00000008     empty_pem4f.oem4f (.data:xdc_runtime_System_Module_State_0_atexitHandlers__A)
                  2000161c    00000008     empty_pem4f.oem4f (.data:xdc_runtime_System_Module__state__V)
                  20001624    00000005     drivers_tivaware.aem4f : GPIOTiva.oem4f (.data)
                  20001629    00000001     --HOLE--
                  2000162a    00000002     empty_pem4f.oem4f (.data:xdc_runtime_Error_Module__state__V)
                  2000162c    00000004     empty_pem4f.oem4f (.data:ti_sysbios_family_arm_m3_Hwi_Module_State_0_excContext__A)
                  20001630    00000004     empty_pem4f.oem4f (.data:ti_sysbios_family_arm_m3_Hwi_Module_State_0_excStack__A)
                  20001634    00000004     empty_pem4f.oem4f (.data:ti_sysbios_gates_GateHwi_Object__table__V)
                  20001638    00000004     empty_pem4f.oem4f (.data:ti_sysbios_knl_Task_Module_State_0_idleTask__A)
                  2000163c    00000004     empty_pem4f.oem4f (.data:xdc_runtime_Memory_Module__state__V)

.stack     0    20001640    00000300     UNINITIALIZED
                  20001640    00000300     --HOLE--

.bootVecs 
*          0    00000000    00000008     DSECT
                  00000000    00000008     boot.aem4f : boot.oem4f (.bootVecs)

xdc.meta   0    00000000    000000ec     COPY SECTION
                  00000000    000000ec     empty_pem4f.oem4f (xdc.meta)

MODULE SUMMARY

       Module                     code    ro data   rw data
       ------                     ----    -------   -------
    .\
       HC_SR04.obj                560     0         658    
       EK_TM4C123GXL.obj          112     20        32     
       empty.obj                  62      0         0      
    +--+--------------------------+-------+---------+---------+
       Total:                     734     20        690    
                                                           
    C:\Users\Andres\workspace_v7\empty_EK_TM4C123GXL_TI\Debug\configPkg\package\cfg\
       empty_pem4f.oem4f          1666    7743      4528   
    +--+--------------------------+-------+---------+---------+
       Total:                     1666    7743      4528   
                                                           
    C:/ti/tirtos_tivac_2_16_00_08/products/TivaWare_C_Series-2.1.1.71b/driverlib/ccs/Debug/driverlib.lib
       gpio.obj                   494     0         0      
       sysctl.obj                 52      0         0      
    +--+--------------------------+-------+---------+---------+
       Total:                     546     0         0      
                                                           
    C:/ti/tirtos_tivac_2_16_00_08/products/tidrivers_tivac_2_16_00_08/packages/ti/drivers/lib/drivers_tivaware.aem4f
       GPIOTiva.oem4f             892     156       153    
    +--+--------------------------+-------+---------+---------+
       Total:                     892     156       153    
                                                           
    C:\Users\Andres\workspace_v7\empty_EK_TM4C123GXL_TI\src\sysbios\sysbios.aem4f
       BIOS.obj                   12008   0         0      
       m3_Hwi_asm.obj             314     0         0      
       m3_TaskSupport_asm.obj     180     0         0      
       m3_Hwi_asm_switch.obj      118     0         0      
    +--+--------------------------+-------+---------+---------+
       Total:                     12620   0         0      
                                                           
    C:\ti\ccsv7\tools\compiler\ti-cgt-arm_16.9.6.LTS\lib\rtsv7M4_T_le_v4SPD16_eabi.lib
       ull_div_t2.obj             500     0         0      
       trgmsg.obj                 104     0         288    
       fd_div_t2.obj              310     0         0      
       memcpy_t2.obj              156     0         0      
       memset_t2.obj              122     0         0      
       copy_decompress_lzss.obj   104     0         0      
       exit.obj                   84      0         12     
       hostwrite.obj              88      0         0      
       cpy_tbl.obj                76      0         0      
       fd_tou_t2.obj              68      0         0      
       u_divt2.obj                64      0         0      
       u_tofd_t2.obj              32      0         0      
       _lock.obj                  20      0         8      
       args_main.obj              24      0         0      
       strlen.obj                 20      0         0      
       copy_decompress_none.obj   14      0         0      
       copy_zero_init.obj         12      0         0      
       hostopen.obj               0       0         8      
       stkdepth_vars.obj          0       0         4      
       i_div0.obj                 2       0         0      
    +--+--------------------------+-------+---------+---------+
       Total:                     1800    0         320    
                                                           
    C:\ti\tirtos_tivac_2_16_00_08\products\bios_6_45_01_29\packages\ti\catalog\arm\cortexm4\tiva\ce\lib\Boot.aem4f
       Boot_sysctl.oem4f          262     0         0      
       Boot.oem4f                 152     0         0      
    +--+--------------------------+-------+---------+---------+
       Total:                     414     0         0      
                                                           
    C:\ti\tirtos_tivac_2_16_00_08\products\bios_6_45_01_29\packages\ti\targets\arm\rtsarm\lib\auto_init.aem4f
       auto_init.oem4f            160     0         0      
    +--+--------------------------+-------+---------+---------+
       Total:                     160     0         0      
                                                           
    C:\ti\tirtos_tivac_2_16_00_08\products\bios_6_45_01_29\packages\ti\targets\arm\rtsarm\lib\boot.aem4f
       boot.oem4f                 88      0         0      
    +--+--------------------------+-------+---------+---------+
       Total:                     88      0         0      
                                                           
    C:\ti\tirtos_tivac_2_16_00_08\products\bios_6_45_01_29\packages\ti\targets\arm\rtsarm\lib\ti.targets.arm.rtsarm.aem4f
       System.oem4f               1255    0         0      
       Text.oem4f                 672     0         0      
       Error.oem4f                524     0         0      
       Core-mem.oem4f             358     0         0      
       Startup.oem4f              328     0         0      
       SysMin.oem4f               248     0         0      
       Core-smem.oem4f            204     0         0      
       Memory.oem4f               176     0         0      
       Assert.oem4f               84      0         0      
       Core-params.oem4f          70      0         0      
       Core-label.oem4f           52      0         0      
       Registry.oem4f             32      0         0      
       Gate.oem4f                 28      0         0      
    +--+--------------------------+-------+---------+---------+
       Total:                     4031    0         0      
                                                           
       Stack:                     0       0         768    
       Linker Generated:          0       560       0      
    +--+--------------------------+-------+---------+---------+
       Grand Total:               22951   8479      6459   


LINKER GENERATED COPY TABLES

__TI_cinit_table @ 00007b58 records: 3, size/record: 8, table size: 24
	.data: load addr=00007940, load size=000001fc bytes, run addr=20001170, run size=000004d0 bytes, compression=lzss
	.bss: load addr=00007b48, load size=00000008 bytes, run addr=20000360, run size=00000e0c bytes, compression=zero_init
	.vecs: load addr=00007b50, load size=00000008 bytes, run addr=20000000, run size=00000360 bytes, compression=zero_init


LINKER GENERATED HANDLER TABLE

__TI_handler_table @ 00007b3c records: 3, size/record: 4, table size: 12
	index: 0, handler: __TI_decompress_lzss
	index: 1, handler: __TI_decompress_none
	index: 2, handler: __TI_zero_init


GLOBAL SYMBOLS: SORTED ALPHABETICALLY BY Name 

address   name                                                              
-------   ----                                                              
00004215  C$$EXIT                                                           
00003b93  C$$IO$$                                                           
20001528  CountPeriod                                                       
00004d3d  EK_TM4C123GXL_initGPIO                                            
000048e9  EK_TM4C123GXL_initGeneral                                         
2000152c  EchoCount                                                         
000041c1  EchoEvent                                                         
20001514  Echo_Pin                                                          
00005061  GPIODirModeSet                                                    
00004743  GPIOIntClear                                                      
00005925  GPIOIntEnable                                                     
000058d9  GPIOIntStatus                                                     
00004169  GPIOIntTypeSet                                                    
00002223  GPIOPadConfigSet                                                  
00005453  GPIOPinRead                                                       
000057b5  GPIOPinTypeGPIOInput                                              
000057db  GPIOPinWrite                                                      
00007718  GPIOTiva_config                                                   
00005295  GPIO_clearInt                                                     
00004d6d  GPIO_enableInt                                                    
00003c35  GPIO_hwiIntFxn                                                    
0000364d  GPIO_init                                                         
00004d9d  GPIO_read                                                         
00004311  GPIO_setCallback                                                  
00001bcd  GPIO_setConfig                                                    
00004361  GPIO_write                                                        
00002a3d  HCSR04Task                                                        
000040b9  HOSTwrite                                                         
20001140  Measure_sem                                                       
20001164  Measure_sem_Handle                                                
UNDEFED   SHT$$INIT_ARRAY$$Base                                             
UNDEFED   SHT$$INIT_ARRAY$$Limit                                            
00004b89  SysCtlPeripheralEnable                                            
20001530  TaskFlag                                                          
00007754  TimerEcho                                                         
000052b5  TimerEvent                                                        
00007758  TimerTrigger                                                      
20001510  Trigger_Pin                                                       
20000cc0  UltrasonicTaskStack                                               
200010f0  UltrasonicTaskStruct                                              
00005931  Ultrasonic_Enable                                                 
00002ec5  Ultrasonic_init                                                   
00000000  __ASM__                                                           
20000ec0  __CIOBUF_                                                         
0000006a  __ISA__                                                           
0000007d  __PLAT__                                                          
20001940  __STACK_END                                                       
00000300  __STACK_SIZE                                                      
0000009e  __TARG__                                                          
00007b58  __TI_CINIT_Base                                                   
00007b70  __TI_CINIT_Limit                                                  
00007b3c  __TI_Handler_Table_Base                                           
00007b48  __TI_Handler_Table_Limit                                          
00003171  __TI_auto_init                                                    
20001598  __TI_cleanup_ptr                                                  
00003afd  __TI_decompress_lzss                                              
000058e7  __TI_decompress_none                                              
2000159c  __TI_dtors_ptr                                                    
200015a0  __TI_enable_exit_profile_output                                   
ffffffff  __TI_pprof_out_hndl                                               
ffffffff  __TI_prof_data_size                                               
ffffffff  __TI_prof_data_start                                              
00003b97  __TI_readmsg                                                      
00007940  __TI_static_base__                                                
00003b65  __TI_writemsg                                                     
0000593d  __TI_zero_init                                                    
000000c4  __TRDR__                                                          
000046ff  __aeabi_d2uiz                                                     
000020ed  __aeabi_ddiv                                                      
00002353  __aeabi_idiv0                                                     
000037ed  __aeabi_memclr                                                    
000037ed  __aeabi_memclr4                                                   
000037ed  __aeabi_memclr8                                                   
000032b1  __aeabi_memcpy                                                    
000032b1  __aeabi_memcpy4                                                   
000032b1  __aeabi_memcpy8                                                   
000037ef  __aeabi_memset                                                    
000037ef  __aeabi_memset4                                                   
000037ef  __aeabi_memset8                                                   
000052d5  __aeabi_ui2d                                                      
00004929  __aeabi_uidiv                                                     
00004929  __aeabi_uidivmod                                                  
0000134d  __aeabi_uldivmod                                                  
ffffffff  __binit__                                                         
ffffffff  __c_args__                                                        
20001640  __stack                                                           
000055ed  _args_main                                                        
00004061  _c_int00                                                          
200015bc  _lock                                                             
00005733  _nop                                                              
0000572b  _register_lock                                                    
00005725  _register_unlock                                                  
200015c0  _unlock                                                           
00004219  abort                                                             
ffffffff  binit                                                             
000044a1  copy_in                                                           
20001518  distance                                                          
00004221  exit                                                              
200015c4  gpioCallbackFunctions                                             
20001550  gpioPinConfigs                                                    
000049a9  main                                                              
2000150c  main_func_sp                                                      
000032b1  memcpy                                                            
000037f5  memset                                                            
20001520  microS                                                            
20001531  once                                                              
00005879  osi_TaskDisable                                                   
00005819  osi_start                                                         
2000115c  parmbuf                                                           
00005739  strlen                                                            
0000777c  ti_catalog_arm_cortexm4_tiva_ce_Boot_A_mustUseEnhancedClockMode__C
00007780  ti_catalog_arm_cortexm4_tiva_ce_Boot_Module__diagsEnabled__C      
00007784  ti_catalog_arm_cortexm4_tiva_ce_Boot_Module__diagsIncluded__C     
00007788  ti_catalog_arm_cortexm4_tiva_ce_Boot_Module__diagsMask__C         
00007752  ti_catalog_arm_cortexm4_tiva_ce_Boot_Module__id__C                
00005919  ti_catalog_arm_cortexm4_tiva_ce_Boot_init__I                      
0000246d  ti_catalog_arm_cortexm4_tiva_ce_Boot_sysCtlClockSetI__I           
00003489  ti_catalog_arm_cortexm4_tiva_ce_Boot_sysCtlClockSet__E            
00005a29  ti_catalog_arm_cortexm4_tiva_ce_Boot_sysCtlDelayI__I              
200014e8  ti_sysbios_BIOS_Module__state__V                                  
00005551  ti_sysbios_BIOS_RtsGateProxy_Handle__label__S                     
000051bd  ti_sysbios_BIOS_RtsGateProxy_Object__delete__S                    
000007bd  ti_sysbios_BIOS_RtsGateProxy_enter__E                             
0000114d  ti_sysbios_BIOS_RtsGateProxy_leave__E                             
00005a71  ti_sysbios_BIOS_RtsGateProxy_query__E                             
00004dcd  ti_sysbios_BIOS_atExitFunc__I                                     
0000512d  ti_sysbios_BIOS_errorRaiseHook__I                                 
000056e1  ti_sysbios_BIOS_exitFunc__I                                       
00003487  ti_sysbios_BIOS_nullFunc__I                                       
00005151  ti_sysbios_BIOS_registerRTSLock__I                                
00005175  ti_sysbios_BIOS_removeRTSLock__I                                  
000052f5  ti_sysbios_BIOS_rtsLock__I                                        
00005605  ti_sysbios_BIOS_rtsUnlock__I                                      
00005809  ti_sysbios_BIOS_setThreadType__E                                  
00005199  ti_sysbios_BIOS_startFunc__I                                      
00005819  ti_sysbios_BIOS_start__E                                          
2000142c  ti_sysbios_family_arm_lm4_Timer_Module_State_0_device__A          
20001568  ti_sysbios_family_arm_lm4_Timer_Module_State_0_handles__A         
0000561d  ti_sysbios_family_arm_lm4_Timer_Module__startupDone__F            
0000561d  ti_sysbios_family_arm_lm4_Timer_Module__startupDone__S            
200015a4  ti_sysbios_family_arm_lm4_Timer_Module__state__V                  
00003c99  ti_sysbios_family_arm_lm4_Timer_Module_startup__E                 
20001170  ti_sysbios_family_arm_lm4_Timer_Object__table__V                  
0000778c  ti_sysbios_family_arm_lm4_Timer_enableFunc__C                     
00003021  ti_sysbios_family_arm_lm4_Timer_enableTimers__I                   
00002f71  ti_sysbios_family_arm_lm4_Timer_enableTiva__I                     
00005751  ti_sysbios_family_arm_lm4_Timer_getCount__E                       
00005949  ti_sysbios_family_arm_lm4_Timer_getMaxTicks__E                    
00003dc9  ti_sysbios_family_arm_lm4_Timer_isrStub__E                        
00005a11  ti_sysbios_family_arm_lm4_Timer_masterDisable__I                  
00001a65  ti_sysbios_family_arm_lm4_Timer_masterEnable__I                   
00007790  ti_sysbios_family_arm_lm4_Timer_numTimerDevices__C                
00004bc1  ti_sysbios_family_arm_lm4_Timer_setPeriodMicroSecs__E             
00001d21  ti_sysbios_family_arm_lm4_Timer_start__E                          
00007794  ti_sysbios_family_arm_lm4_Timer_startupNeeded__C                  
00004969  ti_sysbios_family_arm_lm4_Timer_startup__E                        
00004749  ti_sysbios_family_arm_lm4_Timer_stop__E                           
00005251  ti_sysbios_family_arm_lm4_Timer_write__I                          
00007798  ti_sysbios_family_arm_m3_Hwi_E_NMI__C                             
0000779c  ti_sysbios_family_arm_m3_Hwi_E_alreadyDefined__C                  
000077a0  ti_sysbios_family_arm_m3_Hwi_E_busFault__C                        
000077a4  ti_sysbios_family_arm_m3_Hwi_E_debugMon__C                        
000077a8  ti_sysbios_family_arm_m3_Hwi_E_hardFault__C                       
000077ac  ti_sysbios_family_arm_m3_Hwi_E_memFault__C                        
000077b0  ti_sysbios_family_arm_m3_Hwi_E_noIsr__C                           
000077b4  ti_sysbios_family_arm_m3_Hwi_E_reserved__C                        
000077b8  ti_sysbios_family_arm_m3_Hwi_E_svCall__C                          
000077bc  ti_sysbios_family_arm_m3_Hwi_E_usageFault__C                      
0000551d  ti_sysbios_family_arm_m3_Hwi_Handle__label__S                     
00004bf9  ti_sysbios_family_arm_m3_Hwi_Instance_finalize__E                 
00003521  ti_sysbios_family_arm_m3_Hwi_Instance_init__E                     
20001532  ti_sysbios_family_arm_m3_Hwi_Module_State_0_excActive__A          
2000162c  ti_sysbios_family_arm_m3_Hwi_Module_State_0_excContext__A         
20001630  ti_sysbios_family_arm_m3_Hwi_Module_State_0_excStack__A           
[...]
000059e5  xdc_runtime_Memory_calloc__E                                      
000059f1  xdc_runtime_Memory_getMaxDefaultTypeAlign__E                      
000059fd  xdc_runtime_Memory_HeapProxy_alloc__E                             
00005a07  xdc_runtime_Memory_HeapProxy_free__E                              
00005a11  ti_sysbios_family_arm_lm4_Timer_masterDisable__I                  
00005a19  ti_sysbios_family_arm_m3_Hwi_doSwiRestore__I                      
00005a21  ti_sysbios_family_arm_m3_Hwi_startup__E                           
00005a21  ti_sysbios_hal_Hwi_HwiProxy_startup__E                            
00005a21  ti_sysbios_hal_Hwi_startup__E                                     
00005a29  ti_catalog_arm_cortexm4_tiva_ce_Boot_sysCtlDelayI__I              
00005a31  ti_sysbios_family_arm_m3_Hwi_doTaskRestore__I                     
00005a39  ti_sysbios_family_arm_m3_Hwi_restoreFxn__E                        
00005a39  ti_sysbios_hal_Hwi_HwiProxy_restore__E                            
00005a41  ti_sysbios_gates_GateHwi_leave__E                                 
00005a49  ti_sysbios_heaps_HeapMem_isBlocking__E                            
00005a51  ti_sysbios_knl_Queue_Instance_init__E                             
00005a59  ti_sysbios_knl_Swi_startup__E                                     
00005a5f  xdc_runtime_System_Module_startup__E                              
00005a69  ti_sysbios_gates_GateHwi_query__E                                 
00005a69  xdc_runtime_Main_Module_GateProxy_query__E                        
00005a69  xdc_runtime_System_Module_GateProxy_query__E                      
00005a71  ti_sysbios_BIOS_RtsGateProxy_query__E                             
00005a71  ti_sysbios_gates_GateMutex_query__E                               
00005a71  ti_sysbios_heaps_HeapMem_Module_GateProxy_query__E                
00005a79  ti_sysbios_knl_Task_startup__E                                    
00005a81  ti_sysbios_gates_GateHwi_Instance_init__E                         
00005a89  ti_sysbios_knl_Clock_logTick__E                                   
00005a8c  xdc_runtime_Text_charTab__A                                       
00007304  xdc_runtime_Text_nodeTab__A                                       
000074a8  ti_sysbios_knl_Task_Object__PARAMS__C                             
000074e4  ti_sysbios_family_arm_m3_Hwi_Object__PARAMS__C                    
00007514  ti_sysbios_heaps_HeapMem_Module__FXNS__C                          
0000753c  ti_sysbios_gates_GateHwi_Module__FXNS__C                          
00007560  ti_sysbios_gates_GateMutex_Module__FXNS__C                        
00007584  ti_sysbios_heaps_HeapMem_Object__PARAMS__C                        
000075a8  ti_sysbios_knl_Semaphore_Object__PARAMS__C                        
000075cc  xdc_runtime_Startup_sfxnTab__A                                    
000075f0  ti_sysbios_family_arm_m3_Hwi_Object__DESC__C                      
00007610  ti_sysbios_gates_GateHwi_Object__DESC__C                          
00007630  ti_sysbios_gates_GateMutex_Object__DESC__C                        
00007650  ti_sysbios_heaps_HeapMem_Object__DESC__C                          
00007670  ti_sysbios_knl_Queue_Object__DESC__C                              
00007690  ti_sysbios_knl_Semaphore_Object__DESC__C                          
000076b0  ti_sysbios_knl_Task_Object__DESC__C                               
000076d0  ti_sysbios_gates_GateHwi_Object__PARAMS__C                        
000076e8  ti_sysbios_gates_GateMutex_Object__PARAMS__C                      
00007700  ti_sysbios_knl_Queue_Object__PARAMS__C                            
00007718  GPIOTiva_config                                                   
0000772c  xdc_runtime_Startup_firstFxns__A                                  
00007740  xdc_runtime_Startup_sfxnRts__A                                    
00007752  ti_catalog_arm_cortexm4_tiva_ce_Boot_Module__id__C                
00007754  TimerEcho                                                         
00007758  TimerTrigger                                                      
0000775c  ti_sysbios_family_arm_m3_Hwi_excHookFuncs__A                      
00007764  ti_sysbios_knl_Idle_funcList__C                                   
0000776c  xdc_runtime_Startup_firstFxns__C                                  
00007774  xdc_runtime_Startup_lastFxns__C                                   
0000777c  ti_catalog_arm_cortexm4_tiva_ce_Boot_A_mustUseEnhancedClockMode__C
00007780  ti_catalog_arm_cortexm4_tiva_ce_Boot_Module__diagsEnabled__C      
00007784  ti_catalog_arm_cortexm4_tiva_ce_Boot_Module__diagsIncluded__C     
00007788  ti_catalog_arm_cortexm4_tiva_ce_Boot_Module__diagsMask__C         
0000778c  ti_sysbios_family_arm_lm4_Timer_enableFunc__C                     
00007790  ti_sysbios_family_arm_lm4_Timer_numTimerDevices__C                
00007794  ti_sysbios_family_arm_lm4_Timer_startupNeeded__C                  
00007798  ti_sysbios_family_arm_m3_Hwi_E_NMI__C                             
0000779c  ti_sysbios_family_arm_m3_Hwi_E_alreadyDefined__C                  
000077a0  ti_sysbios_family_arm_m3_Hwi_E_busFault__C                        
000077a4  ti_sysbios_family_arm_m3_Hwi_E_debugMon__C                        
000077a8  ti_sysbios_family_arm_m3_Hwi_E_hardFault__C                       
000077ac  ti_sysbios_family_arm_m3_Hwi_E_memFault__C                        
000077b0  ti_sysbios_family_arm_m3_Hwi_E_noIsr__C                           
000077b4  ti_sysbios_family_arm_m3_Hwi_E_reserved__C                        
000077b8  ti_sysbios_family_arm_m3_Hwi_E_svCall__C                          
000077bc  ti_sysbios_family_arm_m3_Hwi_E_usageFault__C                      
000077c0  ti_sysbios_family_arm_m3_Hwi_NUM_INTERRUPTS__C                    
000077c4  ti_sysbios_family_arm_m3_Hwi_Object__count__C                     
000077c8  ti_sysbios_family_arm_m3_Hwi_ccr__C                               
000077cc  ti_sysbios_family_arm_m3_Hwi_excHandlerFunc__C                    
000077d0  ti_sysbios_family_arm_m3_Hwi_excHookFuncs__C                      
000077d4  ti_sysbios_family_arm_m3_Hwi_nullIsrFunc__C                       
000077d8  ti_sysbios_family_arm_m3_Hwi_priGroup__C                          
000077dc  ti_sysbios_family_arm_m3_TaskSupport_stackAlignment__C            
000077e0  ti_sysbios_gates_GateMutex_A_badContext__C                        
000077e4  ti_sysbios_gates_GateMutex_Instance_State_sem__O                  
000077e8  ti_sysbios_gates_GateMutex_Module__diagsEnabled__C                
000077ec  ti_sysbios_gates_GateMutex_Module__diagsIncluded__C               
000077f0  ti_sysbios_gates_GateMutex_Module__diagsMask__C                   
000077f4  ti_sysbios_hal_Hwi_E_stackOverflow__C                             
000077f8  ti_sysbios_heaps_HeapMem_A_align__C                               
000077fc  ti_sysbios_heaps_HeapMem_A_heapSize__C                            
00007800  ti_sysbios_heaps_HeapMem_A_invalidFree__C                         
00007804  ti_sysbios_heaps_HeapMem_A_zeroBlock__C                           
00007808  ti_sysbios_heaps_HeapMem_E_memory__C                              
0000780c  ti_sysbios_heaps_HeapMem_Module__diagsEnabled__C                  
00007810  ti_sysbios_heaps_HeapMem_Module__diagsIncluded__C                 
00007814  ti_sysbios_heaps_HeapMem_Module__diagsMask__C                     
00007818  ti_sysbios_heaps_HeapMem_Module__gateObj__C                       
0000781c  ti_sysbios_heaps_HeapMem_Object__count__C                         
00007820  ti_sysbios_heaps_HeapMem_reqAlign__C                              
00007824  ti_sysbios_knl_Clock_Module_State_clockQ__O                       
00007828  ti_sysbios_knl_Idle_funcList__A                                   
0000782c  ti_sysbios_knl_Semaphore_A_badContext__C                          
00007830  ti_sysbios_knl_Semaphore_A_noEvents__C                            
00007834  ti_sysbios_knl_Semaphore_A_overflow__C                            
00007838  ti_sysbios_knl_Semaphore_A_pendTaskDisabled__C                    
0000783c  ti_sysbios_knl_Semaphore_Instance_State_pendQ__O                  
00007840  ti_sysbios_knl_Semaphore_Module__diagsEnabled__C                  
00007844  ti_sysbios_knl_Semaphore_Module__diagsIncluded__C                 
00007848  ti_sysbios_knl_Semaphore_Module__diagsMask__C                     
0000784c  ti_sysbios_knl_Swi_Object__count__C                               
00007850  ti_sysbios_knl_Task_A_badPriority__C                              
00007854  ti_sysbios_knl_Task_A_badTaskState__C                             
00007858  ti_sysbios_knl_Task_A_badThreadType__C                            
0000785c  ti_sysbios_knl_Task_A_badTimeout__C                               
00007860  ti_sysbios_knl_Task_A_noPendElem__C                               
00007864  ti_sysbios_knl_Task_A_sleepTaskDisabled__C                        
00007868  ti_sysbios_knl_Task_E_spOutOfBounds__C                            
0000786c  ti_sysbios_knl_Task_E_stackOverflow__C                            
00007870  ti_sysbios_knl_Task_Module_State_inactiveQ__O                     
00007874  ti_sysbios_knl_Task_Module__diagsEnabled__C                       
00007878  ti_sysbios_knl_Task_Module__diagsIncluded__C                      
0000787c  ti_sysbios_knl_Task_Module__diagsMask__C                          
00007880  ti_sysbios_knl_Task_Object__count__C                              
00007884  ti_sysbios_knl_Task_allBlockedFunc__C                             
00007888  ti_sysbios_knl_Task_defaultStackHeap__C                           
0000788c  ti_sysbios_knl_Task_defaultStackSize__C                           
00007890  ti_sysbios_knl_Task_numConstructedTasks__C                        
00007894  xdc_runtime_Assert_E_assertFailed__C                              
00007898  xdc_runtime_Core_A_initializedParams__C                           
0000789c  xdc_runtime_Core_Module__diagsEnabled__C                          
000078a0  xdc_runtime_Core_Module__diagsIncluded__C                         
000078a4  xdc_runtime_Core_Module__diagsMask__C                             
000078a8  xdc_runtime_Error_E_memory__C                                     
000078ac  xdc_runtime_Error_Module__diagsEnabled__C                         
000078b0  xdc_runtime_Error_Module__diagsIncluded__C                        
000078b4  xdc_runtime_Error_Module__diagsMask__C                            
000078b8  xdc_runtime_Error_Module__loggerFxn8__C                           
000078bc  xdc_runtime_Error_Module__loggerObj__C                            
000078c0  xdc_runtime_Error_policyFxn__C                                    
000078c4  xdc_runtime_Error_raiseHook__C                                    
000078c8  xdc_runtime_IGateProvider_Interface__BASE__C                      
000078cc  xdc_runtime_IHeap_Interface__BASE__C                              
000078d0  xdc_runtime_IModule_Interface__BASE__C                            
000078d4  xdc_runtime_Log_L_error__C                                        
000078d8  xdc_runtime_Memory_defaultHeapInstance__C                         
000078dc  xdc_runtime_Startup_execImpl__C                                   
000078e0  xdc_runtime_Startup_maxPasses__C                                  
000078e4  xdc_runtime_Startup_sfxnRts__C                                    
000078e8  xdc_runtime_Startup_sfxnTab__C                                    
000078ec  xdc_runtime_SysMin_bufSize__C                                     
000078f0  xdc_runtime_SysMin_outputFunc__C                                  
000078f4  xdc_runtime_System_Module__gateObj__C                             
000078f8  xdc_runtime_System_abortFxn__C                                    
000078fc  xdc_runtime_System_exitFxn__C                                     
00007900  xdc_runtime_System_extendFxn__C                                   
00007904  xdc_runtime_System_maxAtexitHandlers__C                           
00007908  xdc_runtime_Text_charTab__C                                       
0000790c  xdc_runtime_Text_nameEmpty__C                                     
00007910  xdc_runtime_Text_nameStatic__C                                    
00007914  xdc_runtime_Text_nameUnknown__C                                   
00007918  xdc_runtime_Text_nodeTab__C                                       
0000791c  xdc_runtime_Text_visitRopeFxn__C                                  
00007920  ti_sysbios_family_arm_m3_Hwi_Module__id__C                        
00007922  ti_sysbios_gates_GateMutex_Module__id__C                          
00007924  ti_sysbios_hal_Hwi_Module__id__C                                  
00007926  ti_sysbios_heaps_HeapMem_Module__id__C                            
00007928  ti_sysbios_knl_Semaphore_Module__id__C                            
0000792a  ti_sysbios_knl_Task_Module__id__C                                 
0000792c  xdc_runtime_Core_Module__id__C                                    
0000792e  xdc_runtime_Error_Module__loggerDefined__C                        
00007930  xdc_runtime_Error_maxDepth__C                                     
00007932  xdc_runtime_Memory_Module__id__C                                  
00007934  xdc_runtime_SysMin_flushAtExit__C                                 
00007936  xdc_runtime_Text_charCnt__C                                       
00007938  xdc_runtime_Text_isLoaded__C                                      
0000793a  xdc_runtime_Text_registryModsLastId__C                            
0000793c  xdc_runtime_Text_unnamedModsLastId__C                             
0000793e  xdc_runtime_Error_policy__C                                       
00007940  __TI_static_base__                                                
00007b3c  __TI_Handler_Table_Base                                           
00007b48  __TI_Handler_Table_Limit                                          
00007b58  __TI_CINIT_Base                                                   
00007b70  __TI_CINIT_Limit                                                  
20000000  ti_sysbios_family_arm_m3_Hwi_ramVectors                           
20000360  ti_sysbios_heaps_HeapMem_Instance_State_0_buf__A                  
20000760  ti_sysbios_family_arm_m3_Hwi_dispatchTable                        
20000ac0  ti_sysbios_knl_Task_Instance_State_0_stack__A                     
20000cc0  UltrasonicTaskStack                                               
20000ec0  __CIOBUF_                                                         
20001070  xdc_runtime_SysMin_Module_State_0_outbuf__A                       
200010f0  UltrasonicTaskStruct                                              
20001140  Measure_sem                                                       
2000115c  parmbuf                                                           
20001164  Measure_sem_Handle                                                
20001170  ti_sysbios_family_arm_lm4_Timer_Object__table__V                  
20001230  ti_sysbios_knl_Swi_Module_State_0_readyQ__A                       
200012b0  ti_sysbios_knl_Task_Module_State_0_readyQ__A                      
20001330  ti_sysbios_knl_Task_Object__table__V                              
2000137c  ti_sysbios_knl_Task_Module__state__V                              
200013c0  ti_sysbios_gates_GateMutex_Object__table__V                       
200013f8  ti_sysbios_family_arm_m3_Hwi_Module__state__V                     
2000142c  ti_sysbios_family_arm_lm4_Timer_Module_State_0_device__A          
2000145c  ti_sysbios_family_arm_m3_Hwi_Object__table__V                     
2000148c  ti_sysbios_knl_Swi_Object__table__V                               
200014bc  ti_sysbios_knl_Clock_Module__state__V                             
200014e8  ti_sysbios_BIOS_Module__state__V                                  
2000150c  main_func_sp                                                      
20001510  Trigger_Pin                                                       
20001514  Echo_Pin                                                          
20001518  distance                                                          
20001520  microS                                                            
20001528  CountPeriod                                                       
2000152c  EchoCount                                                         
20001530  TaskFlag                                                          
20001531  once                                                              
20001532  ti_sysbios_family_arm_m3_Hwi_Module_State_0_excActive__A          
20001534  ti_sysbios_knl_Swi_Module__state__V                               
20001550  gpioPinConfigs                                                    
20001568  ti_sysbios_family_arm_lm4_Timer_Module_State_0_handles__A         
20001580  ti_sysbios_heaps_HeapMem_Object__table__V                         
20001598  __TI_cleanup_ptr                                                  
2000159c  __TI_dtors_ptr                                                    
200015a0  __TI_enable_exit_profile_output                                   
200015a4  ti_sysbios_family_arm_lm4_Timer_Module__state__V                  
200015b0  xdc_runtime_SysMin_Module__state__V                               
200015bc  _lock                                                             
200015c0  _unlock                                                           
200015c4  gpioCallbackFunctions                                             
200015cc  ti_sysbios_family_arm_m3_Hwi_Module__root__V                      
200015d4  ti_sysbios_gates_GateHwi_Module__root__V                          
200015dc  ti_sysbios_gates_GateMutex_Module__root__V                        
200015e4  ti_sysbios_heaps_HeapMem_Module__root__V                          
200015ec  ti_sysbios_knl_Queue_Module__root__V                              
200015f4  ti_sysbios_knl_Semaphore_Module__root__V                          
200015fc  ti_sysbios_knl_Task_Module__root__V                               
20001604  xdc_runtime_Registry_Module__state__V                             
2000160c  xdc_runtime_Startup_Module__state__V                              
20001614  xdc_runtime_System_Module_State_0_atexitHandlers__A               
2000161c  xdc_runtime_System_Module__state__V                               
2000162a  xdc_runtime_Error_Module__state__V                                
2000162c  ti_sysbios_family_arm_m3_Hwi_Module_State_0_excContext__A         
20001630  ti_sysbios_family_arm_m3_Hwi_Module_State_0_excStack__A           
20001634  ti_sysbios_gates_GateHwi_Object__table__V                         
20001638  ti_sysbios_knl_Task_Module_State_0_idleTask__A                    
2000163c  xdc_runtime_Memory_Module__state__V                               
20001640  __stack                                                           
20001940  __STACK_END                                                       
e000e000  ti_sysbios_family_arm_m3_Hwi_nvic                                 
ffffffff  __TI_pprof_out_hndl                                               
ffffffff  __TI_prof_data_size                                               
ffffffff  __TI_prof_data_start                                              
ffffffff  __binit__                                                         
ffffffff  __c_args__                                                        
ffffffff  binit                                                             
UNDEFED   SHT$$INIT_ARRAY$$Base                                             
UNDEFED   SHT$$INIT_ARRAY$$Limit                                            

[575 symbols]
